[33m╷[0m[0m
[33m│[0m [0m[1m[33mWarning: [0m[0m[1mDeprecated Parameter[0m
[33m│[0m [0m
[33m│[0m [0m[0mThe parameter "dynamodb_table" is deprecated. Use parameter "use_lockfile"
[33m│[0m [0minstead.
[33m╵[0m[0m
[0m[1mdata.aws_caller_identity.current: Reading...[0m[0m
[0m[1mdata.aws_caller_identity.current: Read complete after 0s [id=866317130608][0m
[0m[1mmodule.kms.data.aws_iam_policy_document.kms: Reading...[0m[0m
[0m[1mmodule.kms.data.aws_iam_policy_document.kms: Read complete after 0s [id=1707013534][0m

Terraform used the selected providers to generate the following execution
plan. Resource actions are indicated with the following symbols:
  [32m+[0m create[0m

Terraform will perform the following actions:

[1m  # module.iam_bootstrap.aws_iam_role.eks_cluster[0m will be created
[0m  [32m+[0m[0m resource "aws_iam_role" "eks_cluster" {
      [32m+[0m[0m arn                   = (known after apply)
      [32m+[0m[0m assume_role_policy    = jsonencode(
            {
              [32m+[0m[0m Statement = [
                  [32m+[0m[0m {
                      [32m+[0m[0m Action    = "sts:AssumeRole"
                      [32m+[0m[0m Effect    = "Allow"
                      [32m+[0m[0m Principal = {
                          [32m+[0m[0m Service = "eks.amazonaws.com"
                        }
                    },
                ]
              [32m+[0m[0m Version   = "2012-10-17"
            }
        )
      [32m+[0m[0m create_date           = (known after apply)
      [32m+[0m[0m force_detach_policies = false
      [32m+[0m[0m id                    = (known after apply)
      [32m+[0m[0m managed_policy_arns   = (known after apply)
      [32m+[0m[0m max_session_duration  = 3600
      [32m+[0m[0m name                  = "chatapp-prod-eks-cluster-role"
      [32m+[0m[0m name_prefix           = (known after apply)
      [32m+[0m[0m path                  = "/"
      [32m+[0m[0m tags_all              = {
          [32m+[0m[0m "Environment" = "prod"
          [32m+[0m[0m "ManagedBy"   = "terraform"
          [32m+[0m[0m "Project"     = "chatapp"
        }
      [32m+[0m[0m unique_id             = (known after apply)

      [32m+[0m[0m inline_policy (known after apply)
    }

[1m  # module.iam_bootstrap.aws_iam_role.eks_node[0m will be created
[0m  [32m+[0m[0m resource "aws_iam_role" "eks_node" {
      [32m+[0m[0m arn                   = (known after apply)
      [32m+[0m[0m assume_role_policy    = jsonencode(
            {
              [32m+[0m[0m Statement = [
                  [32m+[0m[0m {
                      [32m+[0m[0m Action    = "sts:AssumeRole"
                      [32m+[0m[0m Effect    = "Allow"
                      [32m+[0m[0m Principal = {
                          [32m+[0m[0m Service = "ec2.amazonaws.com"
                        }
                    },
                ]
              [32m+[0m[0m Version   = "2012-10-17"
            }
        )
      [32m+[0m[0m create_date           = (known after apply)
      [32m+[0m[0m force_detach_policies = false
      [32m+[0m[0m id                    = (known after apply)
      [32m+[0m[0m managed_policy_arns   = (known after apply)
      [32m+[0m[0m max_session_duration  = 3600
      [32m+[0m[0m name                  = "chatapp-prod-eks-node-role"
      [32m+[0m[0m name_prefix           = (known after apply)
      [32m+[0m[0m path                  = "/"
      [32m+[0m[0m tags_all              = {
          [32m+[0m[0m "Environment" = "prod"
          [32m+[0m[0m "ManagedBy"   = "terraform"
          [32m+[0m[0m "Project"     = "chatapp"
        }
      [32m+[0m[0m unique_id             = (known after apply)

      [32m+[0m[0m inline_policy (known after apply)
    }

[1m  # module.iam_bootstrap.aws_iam_role_policy_attachment.eks_cluster[0m will be created
[0m  [32m+[0m[0m resource "aws_iam_role_policy_attachment" "eks_cluster" {
      [32m+[0m[0m id         = (known after apply)
      [32m+[0m[0m policy_arn = "arn:aws:iam::aws:policy/AmazonEKSClusterPolicy"
      [32m+[0m[0m role       = "chatapp-prod-eks-cluster-role"
    }

[1m  # module.iam_bootstrap.aws_iam_role_policy_attachment.node_cni[0m will be created
[0m  [32m+[0m[0m resource "aws_iam_role_policy_attachment" "node_cni" {
      [32m+[0m[0m id         = (known after apply)
      [32m+[0m[0m policy_arn = "arn:aws:iam::aws:policy/AmazonEKS_CNI_Policy"
      [32m+[0m[0m role       = "chatapp-prod-eks-node-role"
    }

[1m  # module.iam_bootstrap.aws_iam_role_policy_attachment.node_ecr[0m will be created
[0m  [32m+[0m[0m resource "aws_iam_role_policy_attachment" "node_ecr" {
      [32m+[0m[0m id         = (known after apply)
      [32m+[0m[0m policy_arn = "arn:aws:iam::aws:policy/AmazonEC2ContainerRegistryReadOnly"
      [32m+[0m[0m role       = "chatapp-prod-eks-node-role"
    }

[1m  # module.iam_bootstrap.aws_iam_role_policy_attachment.node_worker[0m will be created
[0m  [32m+[0m[0m resource "aws_iam_role_policy_attachment" "node_worker" {
      [32m+[0m[0m id         = (known after apply)
      [32m+[0m[0m policy_arn = "arn:aws:iam::aws:policy/AmazonEKSWorkerNodePolicy"
      [32m+[0m[0m role       = "chatapp-prod-eks-node-role"
    }

[1m  # module.kms.aws_kms_alias.eks[0m will be created
[0m  [32m+[0m[0m resource "aws_kms_alias" "eks" {
      [32m+[0m[0m arn            = (known after apply)
      [32m+[0m[0m id             = (known after apply)
      [32m+[0m[0m name           = "alias/chatapp-prod-eks"
      [32m+[0m[0m name_prefix    = (known after apply)
      [32m+[0m[0m target_key_arn = (known after apply)
      [32m+[0m[0m target_key_id  = (known after apply)
    }

[1m  # module.kms.aws_kms_alias.elasticache[0m will be created
[0m  [32m+[0m[0m resource "aws_kms_alias" "elasticache" {
      [32m+[0m[0m arn            = (known after apply)
      [32m+[0m[0m id             = (known after apply)
      [32m+[0m[0m name           = "alias/chatapp-prod-elasticache"
      [32m+[0m[0m name_prefix    = (known after apply)
      [32m+[0m[0m target_key_arn = (known after apply)
      [32m+[0m[0m target_key_id  = (known after apply)
    }

[1m  # module.kms.aws_kms_alias.rds[0m will be created
[0m  [32m+[0m[0m resource "aws_kms_alias" "rds" {
      [32m+[0m[0m arn            = (known after apply)
      [32m+[0m[0m id             = (known after apply)
      [32m+[0m[0m name           = "alias/chatapp-prod-rds"
      [32m+[0m[0m name_prefix    = (known after apply)
      [32m+[0m[0m target_key_arn = (known after apply)
      [32m+[0m[0m target_key_id  = (known after apply)
    }

[1m  # module.kms.aws_kms_alias.secrets[0m will be created
[0m  [32m+[0m[0m resource "aws_kms_alias" "secrets" {
      [32m+[0m[0m arn            = (known after apply)
      [32m+[0m[0m id             = (known after apply)
      [32m+[0m[0m name           = "alias/chatapp-prod-secrets"
      [32m+[0m[0m name_prefix    = (known after apply)
      [32m+[0m[0m target_key_arn = (known after apply)
      [32m+[0m[0m target_key_id  = (known after apply)
    }

[1m  # module.kms.aws_kms_key.eks[0m will be created
[0m  [32m+[0m[0m resource "aws_kms_key" "eks" {
      [32m+[0m[0m arn                                = (known after apply)
      [32m+[0m[0m bypass_policy_lockout_safety_check = false
      [32m+[0m[0m customer_master_key_spec           = "SYMMETRIC_DEFAULT"
      [32m+[0m[0m deletion_window_in_days            = 14
      [32m+[0m[0m description                        = "chatapp-prod EKS secrets encryption key"
      [32m+[0m[0m enable_key_rotation                = true
      [32m+[0m[0m id                                 = (known after apply)
      [32m+[0m[0m is_enabled                         = true
      [32m+[0m[0m key_id                             = (known after apply)
      [32m+[0m[0m key_usage                          = "ENCRYPT_DECRYPT"
      [32m+[0m[0m multi_region                       = (known after apply)
      [32m+[0m[0m policy                             = jsonencode(
            {
              [32m+[0m[0m Statement = [
                  [32m+[0m[0m {
                      [32m+[0m[0m Action    = "kms:*"
                      [32m+[0m[0m Effect    = "Allow"
                      [32m+[0m[0m Principal = {
                          [32m+[0m[0m AWS = "arn:aws:iam::866317130608:root"
                        }
                      [32m+[0m[0m Resource  = "*"
                      [32m+[0m[0m Sid       = "Enable IAM root access"
                    },
                  [32m+[0m[0m {
                      [32m+[0m[0m Action    = [
                          [32m+[0m[0m "kms:ReEncrypt*",
                          [32m+[0m[0m "kms:GenerateDataKey*",
                          [32m+[0m[0m "kms:Encrypt",
                          [32m+[0m[0m "kms:DescribeKey",
                          [32m+[0m[0m "kms:Decrypt",
                        ]
                      [32m+[0m[0m Effect    = "Allow"
                      [32m+[0m[0m Principal = {
                          [32m+[0m[0m Service = "logs.us-east-1.amazonaws.com"
                        }
                      [32m+[0m[0m Resource  = "*"
                      [32m+[0m[0m Sid       = "Allow CloudWatch Logs"
                    },
                ]
              [32m+[0m[0m Version   = "2012-10-17"
            }
        )
      [32m+[0m[0m rotation_period_in_days            = (known after apply)
      [32m+[0m[0m tags                               = {
          [32m+[0m[0m "Name" = "chatapp-prod-kms-eks"
        }
      [32m+[0m[0m tags_all                           = {
          [32m+[0m[0m "Environment" = "prod"
          [32m+[0m[0m "ManagedBy"   = "terraform"
          [32m+[0m[0m "Name"        = "chatapp-prod-kms-eks"
          [32m+[0m[0m "Project"     = "chatapp"
        }
    }

[1m  # module.kms.aws_kms_key.elasticache[0m will be created
[0m  [32m+[0m[0m resource "aws_kms_key" "elasticache" {
      [32m+[0m[0m arn                                = (known after apply)
      [32m+[0m[0m bypass_policy_lockout_safety_check = false
      [32m+[0m[0m customer_master_key_spec           = "SYMMETRIC_DEFAULT"
      [32m+[0m[0m deletion_window_in_days            = 14
      [32m+[0m[0m description                        = "chatapp-prod ElastiCache at-rest encryption key"
      [32m+[0m[0m enable_key_rotation                = true
      [32m+[0m[0m id                                 = (known after apply)
      [32m+[0m[0m is_enabled                         = true
      [32m+[0m[0m key_id                             = (known after apply)
      [32m+[0m[0m key_usage                          = "ENCRYPT_DECRYPT"
      [32m+[0m[0m multi_region                       = (known after apply)
      [32m+[0m[0m policy                             = jsonencode(
            {
              [32m+[0m[0m Statement = [
                  [32m+[0m[0m {
                      [32m+[0m[0m Action    = "kms:*"
                      [32m+[0m[0m Effect    = "Allow"
                      [32m+[0m[0m Principal = {
                          [32m+[0m[0m AWS = "arn:aws:iam::866317130608:root"
                        }
                      [32m+[0m[0m Resource  = "*"
                      [32m+[0m[0m Sid       = "Enable IAM root access"
                    },
                  [32m+[0m[0m {
                      [32m+[0m[0m Action    = [
                          [32m+[0m[0m "kms:ReEncrypt*",
                          [32m+[0m[0m "kms:GenerateDataKey*",
                          [32m+[0m[0m "kms:Encrypt",
                          [32m+[0m[0m "kms:DescribeKey",
                          [32m+[0m[0m "kms:Decrypt",
                        ]
                      [32m+[0m[0m Effect    = "Allow"
                      [32m+[0m[0m Principal = {
                          [32m+[0m[0m Service = "logs.us-east-1.amazonaws.com"
                        }
                      [32m+[0m[0m Resource  = "*"
                      [32m+[0m[0m Sid       = "Allow CloudWatch Logs"
                    },
                ]
              [32m+[0m[0m Version   = "2012-10-17"
            }
        )
      [32m+[0m[0m rotation_period_in_days            = (known after apply)
      [32m+[0m[0m tags                               = {
          [32m+[0m[0m "Name" = "chatapp-prod-kms-elasticache"
        }
      [32m+[0m[0m tags_all                           = {
          [32m+[0m[0m "Environment" = "prod"
          [32m+[0m[0m "ManagedBy"   = "terraform"
          [32m+[0m[0m "Name"        = "chatapp-prod-kms-elasticache"
          [32m+[0m[0m "Project"     = "chatapp"
        }
    }

[1m  # module.kms.aws_kms_key.rds[0m will be created
[0m  [32m+[0m[0m resource "aws_kms_key" "rds" {
      [32m+[0m[0m arn                                = (known after apply)
      [32m+[0m[0m bypass_policy_lockout_safety_check = false
      [32m+[0m[0m customer_master_key_spec           = "SYMMETRIC_DEFAULT"
      [32m+[0m[0m deletion_window_in_days            = 14
      [32m+[0m[0m description                        = "chatapp-prod RDS encryption key"
      [32m+[0m[0m enable_key_rotation                = true
      [32m+[0m[0m id                                 = (known after apply)
      [32m+[0m[0m is_enabled                         = true
      [32m+[0m[0m key_id                             = (known after apply)
      [32m+[0m[0m key_usage                          = "ENCRYPT_DECRYPT"
      [32m+[0m[0m multi_region                       = (known after apply)
      [32m+[0m[0m policy                             = jsonencode(
            {
              [32m+[0m[0m Statement = [
                  [32m+[0m[0m {
                      [32m+[0m[0m Action    = "kms:*"
                      [32m+[0m[0m Effect    = "Allow"
                      [32m+[0m[0m Principal = {
                          [32m+[0m[0m AWS = "arn:aws:iam::866317130608:root"
                        }
                      [32m+[0m[0m Resource  = "*"
                      [32m+[0m[0m Sid       = "Enable IAM root access"
                    },
                  [32m+[0m[0m {
                      [32m+[0m[0m Action    = [
                          [32m+[0m[0m "kms:ReEncrypt*",
                          [32m+[0m[0m "kms:GenerateDataKey*",
                          [32m+[0m[0m "kms:Encrypt",
                          [32m+[0m[0m "kms:DescribeKey",
                          [32m+[0m[0m "kms:Decrypt",
                        ]
                      [32m+[0m[0m Effect    = "Allow"
                      [32m+[0m[0m Principal = {
                          [32m+[0m[0m Service = "logs.us-east-1.amazonaws.com"
                        }
                      [32m+[0m[0m Resource  = "*"
                      [32m+[0m[0m Sid       = "Allow CloudWatch Logs"
                    },
                ]
              [32m+[0m[0m Version   = "2012-10-17"
            }
        )
      [32m+[0m[0m rotation_period_in_days            = (known after apply)
      [32m+[0m[0m tags                               = {
          [32m+[0m[0m "Name" = "chatapp-prod-kms-rds"
        }
      [32m+[0m[0m tags_all                           = {
          [32m+[0m[0m "Environment" = "prod"
          [32m+[0m[0m "ManagedBy"   = "terraform"
          [32m+[0m[0m "Name"        = "chatapp-prod-kms-rds"
          [32m+[0m[0m "Project"     = "chatapp"
        }
    }

[1m  # module.kms.aws_kms_key.secrets[0m will be created
[0m  [32m+[0m[0m resource "aws_kms_key" "secrets" {
      [32m+[0m[0m arn                                = (known after apply)
      [32m+[0m[0m bypass_policy_lockout_safety_check = false
      [32m+[0m[0m customer_master_key_spec           = "SYMMETRIC_DEFAULT"
      [32m+[0m[0m deletion_window_in_days            = 14
      [32m+[0m[0m description                        = "chatapp-prod Secrets Manager encryption key"
      [32m+[0m[0m enable_key_rotation                = true
      [32m+[0m[0m id                                 = (known after apply)
      [32m+[0m[0m is_enabled                         = true
      [32m+[0m[0m key_id                             = (known after apply)
      [32m+[0m[0m key_usage                          = "ENCRYPT_DECRYPT"
      [32m+[0m[0m multi_region                       = (known after apply)
      [32m+[0m[0m policy                             = jsonencode(
            {
              [32m+[0m[0m Statement = [
                  [32m+[0m[0m {
                      [32m+[0m[0m Action    = "kms:*"
                      [32m+[0m[0m Effect    = "Allow"
                      [32m+[0m[0m Principal = {
                          [32m+[0m[0m AWS = "arn:aws:iam::866317130608:root"
                        }
                      [32m+[0m[0m Resource  = "*"
                      [32m+[0m[0m Sid       = "Enable IAM root access"
                    },
                  [32m+[0m[0m {
                      [32m+[0m[0m Action    = [
                          [32m+[0m[0m "kms:ReEncrypt*",
                          [32m+[0m[0m "kms:GenerateDataKey*",
                          [32m+[0m[0m "kms:Encrypt",
                          [32m+[0m[0m "kms:DescribeKey",
                          [32m+[0m[0m "kms:Decrypt",
                        ]
                      [32m+[0m[0m Effect    = "Allow"
                      [32m+[0m[0m Principal = {
                          [32m+[0m[0m Service = "logs.us-east-1.amazonaws.com"
                        }
                      [32m+[0m[0m Resource  = "*"
                      [32m+[0m[0m Sid       = "Allow CloudWatch Logs"
                    },
                ]
              [32m+[0m[0m Version   = "2012-10-17"
            }
        )
      [32m+[0m[0m rotation_period_in_days            = (known after apply)
      [32m+[0m[0m tags                               = {
          [32m+[0m[0m "Name" = "chatapp-prod-kms-secrets"
        }
      [32m+[0m[0m tags_all                           = {
          [32m+[0m[0m "Environment" = "prod"
          [32m+[0m[0m "ManagedBy"   = "terraform"
          [32m+[0m[0m "Name"        = "chatapp-prod-kms-secrets"
          [32m+[0m[0m "Project"     = "chatapp"
        }
    }

[1m  # module.security_groups.aws_security_group.alb[0m will be created
[0m  [32m+[0m[0m resource "aws_security_group" "alb" {
      [32m+[0m[0m arn                    = (known after apply)
      [32m+[0m[0m description            = "Internet-facing ALB: allow HTTP and HTTPS inbound"
      [32m+[0m[0m egress                 = [
          [32m+[0m[0m {
              [32m+[0m[0m cidr_blocks      = [
                  [32m+[0m[0m "0.0.0.0/0",
                ]
              [32m+[0m[0m from_port        = 0
              [32m+[0m[0m ipv6_cidr_blocks = []
              [32m+[0m[0m prefix_list_ids  = []
              [32m+[0m[0m protocol         = "-1"
              [32m+[0m[0m security_groups  = []
              [32m+[0m[0m self             = false
              [32m+[0m[0m to_port          = 0
                [90m# (1 unchanged attribute hidden)[0m[0m
            },
        ]
      [32m+[0m[0m id                     = (known after apply)
      [32m+[0m[0m ingress                = [
          [32m+[0m[0m {
              [32m+[0m[0m cidr_blocks      = [
                  [32m+[0m[0m "0.0.0.0/0",
                ]
              [32m+[0m[0m description      = "HTTP"
              [32m+[0m[0m from_port        = 80
              [32m+[0m[0m ipv6_cidr_blocks = []
              [32m+[0m[0m prefix_list_ids  = []
              [32m+[0m[0m protocol         = "tcp"
              [32m+[0m[0m security_groups  = []
              [32m+[0m[0m self             = false
              [32m+[0m[0m to_port          = 80
            },
          [32m+[0m[0m {
              [32m+[0m[0m cidr_blocks      = [
                  [32m+[0m[0m "0.0.0.0/0",
                ]
              [32m+[0m[0m description      = "HTTPS"
              [32m+[0m[0m from_port        = 443
              [32m+[0m[0m ipv6_cidr_blocks = []
              [32m+[0m[0m prefix_list_ids  = []
              [32m+[0m[0m protocol         = "tcp"
              [32m+[0m[0m security_groups  = []
              [32m+[0m[0m self             = false
              [32m+[0m[0m to_port          = 443
            },
        ]
      [32m+[0m[0m name                   = "chatapp-prod-alb-sg"
      [32m+[0m[0m name_prefix            = (known after apply)
      [32m+[0m[0m owner_id               = (known after apply)
      [32m+[0m[0m revoke_rules_on_delete = false
      [32m+[0m[0m tags                   = {
          [32m+[0m[0m "Name" = "chatapp-prod-alb-sg"
        }
      [32m+[0m[0m tags_all               = {
          [32m+[0m[0m "Environment" = "prod"
          [32m+[0m[0m "ManagedBy"   = "terraform"
          [32m+[0m[0m "Name"        = "chatapp-prod-alb-sg"
          [32m+[0m[0m "Project"     = "chatapp"
        }
      [32m+[0m[0m vpc_id                 = (known after apply)
    }

[1m  # module.security_groups.aws_security_group.eks_nodes[0m will be created
[0m  [32m+[0m[0m resource "aws_security_group" "eks_nodes" {
      [32m+[0m[0m arn                    = (known after apply)
      [32m+[0m[0m description            = "EKS worker nodes: allow traffic from ALB and between nodes"
      [32m+[0m[0m egress                 = [
          [32m+[0m[0m {
              [32m+[0m[0m cidr_blocks      = [
                  [32m+[0m[0m "0.0.0.0/0",
                ]
              [32m+[0m[0m from_port        = 0
              [32m+[0m[0m ipv6_cidr_blocks = []
              [32m+[0m[0m prefix_list_ids  = []
              [32m+[0m[0m protocol         = "-1"
              [32m+[0m[0m security_groups  = []
              [32m+[0m[0m self             = false
              [32m+[0m[0m to_port          = 0
                [90m# (1 unchanged attribute hidden)[0m[0m
            },
        ]
      [32m+[0m[0m id                     = (known after apply)
      [32m+[0m[0m ingress                = [
          [32m+[0m[0m {
              [32m+[0m[0m cidr_blocks      = [
                  [32m+[0m[0m "10.1.0.0/16",
                ]
              [32m+[0m[0m description      = "kubelet from control plane"
              [32m+[0m[0m from_port        = 10250
              [32m+[0m[0m ipv6_cidr_blocks = []
              [32m+[0m[0m prefix_list_ids  = []
              [32m+[0m[0m protocol         = "tcp"
              [32m+[0m[0m security_groups  = []
              [32m+[0m[0m self             = false
              [32m+[0m[0m to_port          = 10250
            },
          [32m+[0m[0m {
              [32m+[0m[0m cidr_blocks      = []
              [32m+[0m[0m description      = "From ALB to app port"
              [32m+[0m[0m from_port        = 8000
              [32m+[0m[0m ipv6_cidr_blocks = []
              [32m+[0m[0m prefix_list_ids  = []
              [32m+[0m[0m protocol         = "tcp"
              [32m+[0m[0m security_groups  = (known after apply)
              [32m+[0m[0m self             = false
              [32m+[0m[0m to_port          = 8000
            },
          [32m+[0m[0m {
              [32m+[0m[0m cidr_blocks      = []
              [32m+[0m[0m description      = "Node-to-node"
              [32m+[0m[0m from_port        = 0
              [32m+[0m[0m ipv6_cidr_blocks = []
              [32m+[0m[0m prefix_list_ids  = []
              [32m+[0m[0m protocol         = "-1"
              [32m+[0m[0m security_groups  = []
              [32m+[0m[0m self             = true
              [32m+[0m[0m to_port          = 0
            },
        ]
      [32m+[0m[0m name                   = "chatapp-prod-eks-nodes-sg"
      [32m+[0m[0m name_prefix            = (known after apply)
      [32m+[0m[0m owner_id               = (known after apply)
      [32m+[0m[0m revoke_rules_on_delete = false
      [32m+[0m[0m tags                   = {
          [32m+[0m[0m "Name" = "chatapp-prod-eks-nodes-sg"
        }
      [32m+[0m[0m tags_all               = {
          [32m+[0m[0m "Environment" = "prod"
          [32m+[0m[0m "ManagedBy"   = "terraform"
          [32m+[0m[0m "Name"        = "chatapp-prod-eks-nodes-sg"
          [32m+[0m[0m "Project"     = "chatapp"
        }
      [32m+[0m[0m vpc_id                 = (known after apply)
    }

[1m  # module.security_groups.aws_security_group.elasticache[0m will be created
[0m  [32m+[0m[0m resource "aws_security_group" "elasticache" {
      [32m+[0m[0m arn                    = (known after apply)
      [32m+[0m[0m description            = "ElastiCache Redis: allow Redis from EKS nodes only"
      [32m+[0m[0m egress                 = [
          [32m+[0m[0m {
              [32m+[0m[0m cidr_blocks      = [
                  [32m+[0m[0m "0.0.0.0/0",
                ]
              [32m+[0m[0m from_port        = 0
              [32m+[0m[0m ipv6_cidr_blocks = []
              [32m+[0m[0m prefix_list_ids  = []
              [32m+[0m[0m protocol         = "-1"
              [32m+[0m[0m security_groups  = []
              [32m+[0m[0m self             = false
              [32m+[0m[0m to_port          = 0
                [90m# (1 unchanged attribute hidden)[0m[0m
            },
        ]
      [32m+[0m[0m id                     = (known after apply)
      [32m+[0m[0m ingress                = [
          [32m+[0m[0m {
              [32m+[0m[0m cidr_blocks      = []
              [32m+[0m[0m description      = "Redis from EKS nodes"
              [32m+[0m[0m from_port        = 6379
              [32m+[0m[0m ipv6_cidr_blocks = []
              [32m+[0m[0m prefix_list_ids  = []
              [32m+[0m[0m protocol         = "tcp"
              [32m+[0m[0m security_groups  = (known after apply)
              [32m+[0m[0m self             = false
              [32m+[0m[0m to_port          = 6379
            },
        ]
      [32m+[0m[0m name                   = "chatapp-prod-redis-sg"
      [32m+[0m[0m name_prefix            = (known after apply)
      [32m+[0m[0m owner_id               = (known after apply)
      [32m+[0m[0m revoke_rules_on_delete = false
      [32m+[0m[0m tags                   = {
          [32m+[0m[0m "Name" = "chatapp-prod-redis-sg"
        }
      [32m+[0m[0m tags_all               = {
          [32m+[0m[0m "Environment" = "prod"
          [32m+[0m[0m "ManagedBy"   = "terraform"
          [32m+[0m[0m "Name"        = "chatapp-prod-redis-sg"
          [32m+[0m[0m "Project"     = "chatapp"
        }
      [32m+[0m[0m vpc_id                 = (known after apply)
    }

[1m  # module.security_groups.aws_security_group.rds[0m will be created
[0m  [32m+[0m[0m resource "aws_security_group" "rds" {
      [32m+[0m[0m arn                    = (known after apply)
      [32m+[0m[0m description            = "Aurora MySQL: allow MySQL from EKS nodes only"
      [32m+[0m[0m egress                 = [
          [32m+[0m[0m {
              [32m+[0m[0m cidr_blocks      = [
                  [32m+[0m[0m "0.0.0.0/0",
                ]
              [32m+[0m[0m from_port        = 0
              [32m+[0m[0m ipv6_cidr_blocks = []
              [32m+[0m[0m prefix_list_ids  = []
              [32m+[0m[0m protocol         = "-1"
              [32m+[0m[0m security_groups  = []
              [32m+[0m[0m self             = false
              [32m+[0m[0m to_port          = 0
                [90m# (1 unchanged attribute hidden)[0m[0m
            },
        ]
      [32m+[0m[0m id                     = (known after apply)
      [32m+[0m[0m ingress                = [
          [32m+[0m[0m {
              [32m+[0m[0m cidr_blocks      = []
              [32m+[0m[0m description      = "MySQL from EKS nodes"
              [32m+[0m[0m from_port        = 3306
              [32m+[0m[0m ipv6_cidr_blocks = []
              [32m+[0m[0m prefix_list_ids  = []
              [32m+[0m[0m protocol         = "tcp"
              [32m+[0m[0m security_groups  = (known after apply)
              [32m+[0m[0m self             = false
              [32m+[0m[0m to_port          = 3306
            },
        ]
      [32m+[0m[0m name                   = "chatapp-prod-rds-sg"
      [32m+[0m[0m name_prefix            = (known after apply)
      [32m+[0m[0m owner_id               = (known after apply)
      [32m+[0m[0m revoke_rules_on_delete = false
      [32m+[0m[0m tags                   = {
          [32m+[0m[0m "Name" = "chatapp-prod-rds-sg"
        }
      [32m+[0m[0m tags_all               = {
          [32m+[0m[0m "Environment" = "prod"
          [32m+[0m[0m "ManagedBy"   = "terraform"
          [32m+[0m[0m "Name"        = "chatapp-prod-rds-sg"
          [32m+[0m[0m "Project"     = "chatapp"
        }
      [32m+[0m[0m vpc_id                 = (known after apply)
    }

[1m  # module.vpc.aws_cloudwatch_log_group.flow_logs[0m will be created
[0m  [32m+[0m[0m resource "aws_cloudwatch_log_group" "flow_logs" {
      [32m+[0m[0m arn               = (known after apply)
      [32m+[0m[0m id                = (known after apply)
      [32m+[0m[0m log_group_class   = (known after apply)
      [32m+[0m[0m name              = "/aws/vpc/chatapp-prod-flow-logs"
      [32m+[0m[0m name_prefix       = (known after apply)
      [32m+[0m[0m retention_in_days = 30
      [32m+[0m[0m skip_destroy      = false
      [32m+[0m[0m tags              = {
          [32m+[0m[0m "Name" = "chatapp-prod-vpc-flow-logs"
        }
      [32m+[0m[0m tags_all          = {
          [32m+[0m[0m "Environment" = "prod"
          [32m+[0m[0m "ManagedBy"   = "terraform"
          [32m+[0m[0m "Name"        = "chatapp-prod-vpc-flow-logs"
          [32m+[0m[0m "Project"     = "chatapp"
        }
    }

[1m  # module.vpc.aws_eip.nat[0][0m will be created
[0m  [32m+[0m[0m resource "aws_eip" "nat" {
      [32m+[0m[0m allocation_id        = (known after apply)
      [32m+[0m[0m arn                  = (known after apply)
      [32m+[0m[0m association_id       = (known after apply)
      [32m+[0m[0m carrier_ip           = (known after apply)
      [32m+[0m[0m customer_owned_ip    = (known after apply)
      [32m+[0m[0m domain               = "vpc"
      [32m+[0m[0m id                   = (known after apply)
      [32m+[0m[0m instance             = (known after apply)
      [32m+[0m[0m ipam_pool_id         = (known after apply)
      [32m+[0m[0m network_border_group = (known after apply)
      [32m+[0m[0m network_interface    = (known after apply)
      [32m+[0m[0m private_dns          = (known after apply)
      [32m+[0m[0m private_ip           = (known after apply)
      [32m+[0m[0m ptr_record           = (known after apply)
      [32m+[0m[0m public_dns           = (known after apply)
      [32m+[0m[0m public_ip            = (known after apply)
      [32m+[0m[0m public_ipv4_pool     = (known after apply)
      [32m+[0m[0m tags                 = {
          [32m+[0m[0m "Name" = "chatapp-prod-nat-eip-us-east-1a"
        }
      [32m+[0m[0m tags_all             = {
          [32m+[0m[0m "Environment" = "prod"
          [32m+[0m[0m "ManagedBy"   = "terraform"
          [32m+[0m[0m "Name"        = "chatapp-prod-nat-eip-us-east-1a"
          [32m+[0m[0m "Project"     = "chatapp"
        }
      [32m+[0m[0m vpc                  = (known after apply)
    }

[1m  # module.vpc.aws_eip.nat[1][0m will be created
[0m  [32m+[0m[0m resource "aws_eip" "nat" {
      [32m+[0m[0m allocation_id        = (known after apply)
      [32m+[0m[0m arn                  = (known after apply)
      [32m+[0m[0m association_id       = (known after apply)
      [32m+[0m[0m carrier_ip           = (known after apply)
      [32m+[0m[0m customer_owned_ip    = (known after apply)
      [32m+[0m[0m domain               = "vpc"
      [32m+[0m[0m id                   = (known after apply)
      [32m+[0m[0m instance             = (known after apply)
      [32m+[0m[0m ipam_pool_id         = (known after apply)
      [32m+[0m[0m network_border_group = (known after apply)
      [32m+[0m[0m network_interface    = (known after apply)
      [32m+[0m[0m private_dns          = (known after apply)
      [32m+[0m[0m private_ip           = (known after apply)
      [32m+[0m[0m ptr_record           = (known after apply)
      [32m+[0m[0m public_dns           = (known after apply)
      [32m+[0m[0m public_ip            = (known after apply)
      [32m+[0m[0m public_ipv4_pool     = (known after apply)
      [32m+[0m[0m tags                 = {
          [32m+[0m[0m "Name" = "chatapp-prod-nat-eip-us-east-1b"
        }
      [32m+[0m[0m tags_all             = {
          [32m+[0m[0m "Environment" = "prod"
          [32m+[0m[0m "ManagedBy"   = "terraform"
          [32m+[0m[0m "Name"        = "chatapp-prod-nat-eip-us-east-1b"
          [32m+[0m[0m "Project"     = "chatapp"
        }
      [32m+[0m[0m vpc                  = (known after apply)
    }

[1m  # module.vpc.aws_flow_log.this[0m will be created
[0m  [32m+[0m[0m resource "aws_flow_log" "this" {
      [32m+[0m[0m arn                      = (known after apply)
      [32m+[0m[0m iam_role_arn             = (known after apply)
      [32m+[0m[0m id                       = (known after apply)
      [32m+[0m[0m log_destination          = (known after apply)
      [32m+[0m[0m log_destination_type     = "cloud-watch-logs"
      [32m+[0m[0m log_format               = (known after apply)
      [32m+[0m[0m log_group_name           = (known after apply)
      [32m+[0m[0m max_aggregation_interval = 600
      [32m+[0m[0m tags                     = {
          [32m+[0m[0m "Name" = "chatapp-prod-vpc-flow-log"
        }
      [32m+[0m[0m tags_all                 = {
          [32m+[0m[0m "Environment" = "prod"
          [32m+[0m[0m "ManagedBy"   = "terraform"
          [32m+[0m[0m "Name"        = "chatapp-prod-vpc-flow-log"
          [32m+[0m[0m "Project"     = "chatapp"
        }
      [32m+[0m[0m traffic_type             = "ALL"
      [32m+[0m[0m vpc_id                   = (known after apply)
    }

[1m  # module.vpc.aws_iam_role.flow_logs[0m will be created
[0m  [32m+[0m[0m resource "aws_iam_role" "flow_logs" {
      [32m+[0m[0m arn                   = (known after apply)
      [32m+[0m[0m assume_role_policy    = jsonencode(
            {
              [32m+[0m[0m Statement = [
                  [32m+[0m[0m {
                      [32m+[0m[0m Action    = "sts:AssumeRole"
                      [32m+[0m[0m Effect    = "Allow"
                      [32m+[0m[0m Principal = {
                          [32m+[0m[0m Service = "vpc-flow-logs.amazonaws.com"
                        }
                    },
                ]
              [32m+[0m[0m Version   = "2012-10-17"
            }
        )
      [32m+[0m[0m create_date           = (known after apply)
      [32m+[0m[0m force_detach_policies = false
      [32m+[0m[0m id                    = (known after apply)
      [32m+[0m[0m managed_policy_arns   = (known after apply)
      [32m+[0m[0m max_session_duration  = 3600
      [32m+[0m[0m name                  = "chatapp-prod-vpc-flow-logs-role"
      [32m+[0m[0m name_prefix           = (known after apply)
      [32m+[0m[0m path                  = "/"
      [32m+[0m[0m tags_all              = {
          [32m+[0m[0m "Environment" = "prod"
          [32m+[0m[0m "ManagedBy"   = "terraform"
          [32m+[0m[0m "Project"     = "chatapp"
        }
      [32m+[0m[0m unique_id             = (known after apply)

      [32m+[0m[0m inline_policy (known after apply)
    }

[1m  # module.vpc.aws_iam_role_policy.flow_logs[0m will be created
[0m  [32m+[0m[0m resource "aws_iam_role_policy" "flow_logs" {
      [32m+[0m[0m id          = (known after apply)
      [32m+[0m[0m name        = "chatapp-prod-vpc-flow-logs-policy"
      [32m+[0m[0m name_prefix = (known after apply)
      [32m+[0m[0m policy      = (known after apply)
      [32m+[0m[0m role        = (known after apply)
    }

[1m  # module.vpc.aws_internet_gateway.this[0m will be created
[0m  [32m+[0m[0m resource "aws_internet_gateway" "this" {
      [32m+[0m[0m arn      = (known after apply)
      [32m+[0m[0m id       = (known after apply)
      [32m+[0m[0m owner_id = (known after apply)
      [32m+[0m[0m tags     = {
          [32m+[0m[0m "Name" = "chatapp-prod-igw"
        }
      [32m+[0m[0m tags_all = {
          [32m+[0m[0m "Environment" = "prod"
          [32m+[0m[0m "ManagedBy"   = "terraform"
          [32m+[0m[0m "Name"        = "chatapp-prod-igw"
          [32m+[0m[0m "Project"     = "chatapp"
        }
      [32m+[0m[0m vpc_id   = (known after apply)
    }

[1m  # module.vpc.aws_nat_gateway.this[0][0m will be created
[0m  [32m+[0m[0m resource "aws_nat_gateway" "this" {
      [32m+[0m[0m allocation_id                      = (known after apply)
      [32m+[0m[0m association_id                     = (known after apply)
      [32m+[0m[0m connectivity_type                  = "public"
      [32m+[0m[0m id                                 = (known after apply)
      [32m+[0m[0m network_interface_id               = (known after apply)
      [32m+[0m[0m private_ip                         = (known after apply)
      [32m+[0m[0m public_ip                          = (known after apply)
      [32m+[0m[0m secondary_private_ip_address_count = (known after apply)
      [32m+[0m[0m secondary_private_ip_addresses     = (known after apply)
      [32m+[0m[0m subnet_id                          = (known after apply)
      [32m+[0m[0m tags                               = {
          [32m+[0m[0m "Name" = "chatapp-prod-nat-us-east-1a"
        }
      [32m+[0m[0m tags_all                           = {
          [32m+[0m[0m "Environment" = "prod"
          [32m+[0m[0m "ManagedBy"   = "terraform"
          [32m+[0m[0m "Name"        = "chatapp-prod-nat-us-east-1a"
          [32m+[0m[0m "Project"     = "chatapp"
        }
    }

[1m  # module.vpc.aws_nat_gateway.this[1][0m will be created
[0m  [32m+[0m[0m resource "aws_nat_gateway" "this" {
      [32m+[0m[0m allocation_id                      = (known after apply)
      [32m+[0m[0m association_id                     = (known after apply)
      [32m+[0m[0m connectivity_type                  = "public"
      [32m+[0m[0m id                                 = (known after apply)
      [32m+[0m[0m network_interface_id               = (known after apply)
      [32m+[0m[0m private_ip                         = (known after apply)
      [32m+[0m[0m public_ip                          = (known after apply)
      [32m+[0m[0m secondary_private_ip_address_count = (known after apply)
      [32m+[0m[0m secondary_private_ip_addresses     = (known after apply)
      [32m+[0m[0m subnet_id                          = (known after apply)
      [32m+[0m[0m tags                               = {
          [32m+[0m[0m "Name" = "chatapp-prod-nat-us-east-1b"
        }
      [32m+[0m[0m tags_all                           = {
          [32m+[0m[0m "Environment" = "prod"
          [32m+[0m[0m "ManagedBy"   = "terraform"
          [32m+[0m[0m "Name"        = "chatapp-prod-nat-us-east-1b"
          [32m+[0m[0m "Project"     = "chatapp"
        }
    }

[1m  # module.vpc.aws_route_table.private_app[0][0m will be created
[0m  [32m+[0m[0m resource "aws_route_table" "private_app" {
      [32m+[0m[0m arn              = (known after apply)
      [32m+[0m[0m id               = (known after apply)
      [32m+[0m[0m owner_id         = (known after apply)
      [32m+[0m[0m propagating_vgws = (known after apply)
      [32m+[0m[0m route            = [
          [32m+[0m[0m {
              [32m+[0m[0m cidr_block                 = "0.0.0.0/0"
              [32m+[0m[0m nat_gateway_id             = (known after apply)
                [90m# (11 unchanged attributes hidden)[0m[0m
            },
        ]
      [32m+[0m[0m tags             = {
          [32m+[0m[0m "Name" = "chatapp-prod-rt-private-app-us-east-1a"
        }
      [32m+[0m[0m tags_all         = {
          [32m+[0m[0m "Environment" = "prod"
          [32m+[0m[0m "ManagedBy"   = "terraform"
          [32m+[0m[0m "Name"        = "chatapp-prod-rt-private-app-us-east-1a"
          [32m+[0m[0m "Project"     = "chatapp"
        }
      [32m+[0m[0m vpc_id           = (known after apply)
    }

[1m  # module.vpc.aws_route_table.private_app[1][0m will be created
[0m  [32m+[0m[0m resource "aws_route_table" "private_app" {
      [32m+[0m[0m arn              = (known after apply)
      [32m+[0m[0m id               = (known after apply)
      [32m+[0m[0m owner_id         = (known after apply)
      [32m+[0m[0m propagating_vgws = (known after apply)
      [32m+[0m[0m route            = [
          [32m+[0m[0m {
              [32m+[0m[0m cidr_block                 = "0.0.0.0/0"
              [32m+[0m[0m nat_gateway_id             = (known after apply)
                [90m# (11 unchanged attributes hidden)[0m[0m
            },
        ]
      [32m+[0m[0m tags             = {
          [32m+[0m[0m "Name" = "chatapp-prod-rt-private-app-us-east-1b"
        }
      [32m+[0m[0m tags_all         = {
          [32m+[0m[0m "Environment" = "prod"
          [32m+[0m[0m "ManagedBy"   = "terraform"
          [32m+[0m[0m "Name"        = "chatapp-prod-rt-private-app-us-east-1b"
          [32m+[0m[0m "Project"     = "chatapp"
        }
      [32m+[0m[0m vpc_id           = (known after apply)
    }

[1m  # module.vpc.aws_route_table.private_data[0][0m will be created
[0m  [32m+[0m[0m resource "aws_route_table" "private_data" {
      [32m+[0m[0m arn              = (known after apply)
      [32m+[0m[0m id               = (known after apply)
      [32m+[0m[0m owner_id         = (known after apply)
      [32m+[0m[0m propagating_vgws = (known after apply)
      [32m+[0m[0m route            = [
          [32m+[0m[0m {
              [32m+[0m[0m cidr_block                 = "0.0.0.0/0"
              [32m+[0m[0m nat_gateway_id             = (known after apply)
                [90m# (11 unchanged attributes hidden)[0m[0m
            },
        ]
      [32m+[0m[0m tags             = {
          [32m+[0m[0m "Name" = "chatapp-prod-rt-private-data-us-east-1a"
        }
      [32m+[0m[0m tags_all         = {
          [32m+[0m[0m "Environment" = "prod"
          [32m+[0m[0m "ManagedBy"   = "terraform"
          [32m+[0m[0m "Name"        = "chatapp-prod-rt-private-data-us-east-1a"
          [32m+[0m[0m "Project"     = "chatapp"
        }
      [32m+[0m[0m vpc_id           = (known after apply)
    }

[1m  # module.vpc.aws_route_table.private_data[1][0m will be created
[0m  [32m+[0m[0m resource "aws_route_table" "private_data" {
      [32m+[0m[0m arn              = (known after apply)
      [32m+[0m[0m id               = (known after apply)
      [32m+[0m[0m owner_id         = (known after apply)
      [32m+[0m[0m propagating_vgws = (known after apply)
      [32m+[0m[0m route            = [
          [32m+[0m[0m {
              [32m+[0m[0m cidr_block                 = "0.0.0.0/0"
              [32m+[0m[0m nat_gateway_id             = (known after apply)
                [90m# (11 unchanged attributes hidden)[0m[0m
            },
        ]
      [32m+[0m[0m tags             = {
          [32m+[0m[0m "Name" = "chatapp-prod-rt-private-data-us-east-1b"
        }
      [32m+[0m[0m tags_all         = {
          [32m+[0m[0m "Environment" = "prod"
          [32m+[0m[0m "ManagedBy"   = "terraform"
          [32m+[0m[0m "Name"        = "chatapp-prod-rt-private-data-us-east-1b"
          [32m+[0m[0m "Project"     = "chatapp"
        }
      [32m+[0m[0m vpc_id           = (known after apply)
    }

[1m  # module.vpc.aws_route_table.public[0m will be created
[0m  [32m+[0m[0m resource "aws_route_table" "public" {
      [32m+[0m[0m arn              = (known after apply)
      [32m+[0m[0m id               = (known after apply)
      [32m+[0m[0m owner_id         = (known after apply)
      [32m+[0m[0m propagating_vgws = (known after apply)
      [32m+[0m[0m route            = [
          [32m+[0m[0m {
              [32m+[0m[0m cidr_block                 = "0.0.0.0/0"
              [32m+[0m[0m gateway_id                 = (known after apply)
                [90m# (11 unchanged attributes hidden)[0m[0m
            },
        ]
      [32m+[0m[0m tags             = {
          [32m+[0m[0m "Name" = "chatapp-prod-rt-public"
        }
      [32m+[0m[0m tags_all         = {
          [32m+[0m[0m "Environment" = "prod"
          [32m+[0m[0m "ManagedBy"   = "terraform"
          [32m+[0m[0m "Name"        = "chatapp-prod-rt-public"
          [32m+[0m[0m "Project"     = "chatapp"
        }
      [32m+[0m[0m vpc_id           = (known after apply)
    }

[1m  # module.vpc.aws_route_table_association.private_app[0][0m will be created
[0m  [32m+[0m[0m resource "aws_route_table_association" "private_app" {
      [32m+[0m[0m id             = (known after apply)
      [32m+[0m[0m route_table_id = (known after apply)
      [32m+[0m[0m subnet_id      = (known after apply)
    }

[1m  # module.vpc.aws_route_table_association.private_app[1][0m will be created
[0m  [32m+[0m[0m resource "aws_route_table_association" "private_app" {
      [32m+[0m[0m id             = (known after apply)
      [32m+[0m[0m route_table_id = (known after apply)
      [32m+[0m[0m subnet_id      = (known after apply)
    }

[1m  # module.vpc.aws_route_table_association.private_data[0][0m will be created
[0m  [32m+[0m[0m resource "aws_route_table_association" "private_data" {
      [32m+[0m[0m id             = (known after apply)
      [32m+[0m[0m route_table_id = (known after apply)
      [32m+[0m[0m subnet_id      = (known after apply)
    }

[1m  # module.vpc.aws_route_table_association.private_data[1][0m will be created
[0m  [32m+[0m[0m resource "aws_route_table_association" "private_data" {
      [32m+[0m[0m id             = (known after apply)
      [32m+[0m[0m route_table_id = (known after apply)
      [32m+[0m[0m subnet_id      = (known after apply)
    }

[1m  # module.vpc.aws_route_table_association.public[0][0m will be created
[0m  [32m+[0m[0m resource "aws_route_table_association" "public" {
      [32m+[0m[0m id             = (known after apply)
      [32m+[0m[0m route_table_id = (known after apply)
      [32m+[0m[0m subnet_id      = (known after apply)
    }

[1m  # module.vpc.aws_route_table_association.public[1][0m will be created
[0m  [32m+[0m[0m resource "aws_route_table_association" "public" {
      [32m+[0m[0m id             = (known after apply)
      [32m+[0m[0m route_table_id = (known after apply)
      [32m+[0m[0m subnet_id      = (known after apply)
    }

[1m  # module.vpc.aws_subnet.private_app[0][0m will be created
[0m  [32m+[0m[0m resource "aws_subnet" "private_app" {
      [32m+[0m[0m arn                                            = (known after apply)
      [32m+[0m[0m assign_ipv6_address_on_creation                = false
      [32m+[0m[0m availability_zone                              = "us-east-1a"
      [32m+[0m[0m availability_zone_id                           = (known after apply)
      [32m+[0m[0m cidr_block                                     = "10.1.8.0/22"
      [32m+[0m[0m enable_dns64                                   = false
      [32m+[0m[0m enable_resource_name_dns_a_record_on_launch    = false
      [32m+[0m[0m enable_resource_name_dns_aaaa_record_on_launch = false
      [32m+[0m[0m id                                             = (known after apply)
      [32m+[0m[0m ipv6_cidr_block_association_id                 = (known after apply)
      [32m+[0m[0m ipv6_native                                    = false
      [32m+[0m[0m map_public_ip_on_launch                        = false
      [32m+[0m[0m owner_id                                       = (known after apply)
      [32m+[0m[0m private_dns_hostname_type_on_launch            = (known after apply)
      [32m+[0m[0m tags                                           = {
          [32m+[0m[0m "Name"                                       = "chatapp-prod-private-app-us-east-1a"
          [32m+[0m[0m "kubernetes.io/cluster/chatapp-prod-cluster" = "shared"
          [32m+[0m[0m "kubernetes.io/role/internal-elb"            = "1"
        }
      [32m+[0m[0m tags_all                                       = {
          [32m+[0m[0m "Environment"                                = "prod"
          [32m+[0m[0m "ManagedBy"                                  = "terraform"
          [32m+[0m[0m "Name"                                       = "chatapp-prod-private-app-us-east-1a"
          [32m+[0m[0m "Project"                                    = "chatapp"
          [32m+[0m[0m "kubernetes.io/cluster/chatapp-prod-cluster" = "shared"
          [32m+[0m[0m "kubernetes.io/role/internal-elb"            = "1"
        }
      [32m+[0m[0m vpc_id                                         = (known after apply)
    }

[1m  # module.vpc.aws_subnet.private_app[1][0m will be created
[0m  [32m+[0m[0m resource "aws_subnet" "private_app" {
      [32m+[0m[0m arn                                            = (known after apply)
      [32m+[0m[0m assign_ipv6_address_on_creation                = false
      [32m+[0m[0m availability_zone                              = "us-east-1b"
      [32m+[0m[0m availability_zone_id                           = (known after apply)
      [32m+[0m[0m cidr_block                                     = "10.1.12.0/22"
      [32m+[0m[0m enable_dns64                                   = false
      [32m+[0m[0m enable_resource_name_dns_a_record_on_launch    = false
      [32m+[0m[0m enable_resource_name_dns_aaaa_record_on_launch = false
      [32m+[0m[0m id                                             = (known after apply)
      [32m+[0m[0m ipv6_cidr_block_association_id                 = (known after apply)
      [32m+[0m[0m ipv6_native                                    = false
      [32m+[0m[0m map_public_ip_on_launch                        = false
      [32m+[0m[0m owner_id                                       = (known after apply)
      [32m+[0m[0m private_dns_hostname_type_on_launch            = (known after apply)
      [32m+[0m[0m tags                                           = {
          [32m+[0m[0m "Name"                                       = "chatapp-prod-private-app-us-east-1b"
          [32m+[0m[0m "kubernetes.io/cluster/chatapp-prod-cluster" = "shared"
          [32m+[0m[0m "kubernetes.io/role/internal-elb"            = "1"
        }
      [32m+[0m[0m tags_all                                       = {
          [32m+[0m[0m "Environment"                                = "prod"
          [32m+[0m[0m "ManagedBy"                                  = "terraform"
          [32m+[0m[0m "Name"                                       = "chatapp-prod-private-app-us-east-1b"
          [32m+[0m[0m "Project"                                    = "chatapp"
          [32m+[0m[0m "kubernetes.io/cluster/chatapp-prod-cluster" = "shared"
          [32m+[0m[0m "kubernetes.io/role/internal-elb"            = "1"
        }
      [32m+[0m[0m vpc_id                                         = (known after apply)
    }

[1m  # module.vpc.aws_subnet.private_data[0][0m will be created
[0m  [32m+[0m[0m resource "aws_subnet" "private_data" {
      [32m+[0m[0m arn                                            = (known after apply)
      [32m+[0m[0m assign_ipv6_address_on_creation                = false
      [32m+[0m[0m availability_zone                              = "us-east-1a"
      [32m+[0m[0m availability_zone_id                           = (known after apply)
      [32m+[0m[0m cidr_block                                     = "10.1.20.0/24"
      [32m+[0m[0m enable_dns64                                   = false
      [32m+[0m[0m enable_resource_name_dns_a_record_on_launch    = false
      [32m+[0m[0m enable_resource_name_dns_aaaa_record_on_launch = false
      [32m+[0m[0m id                                             = (known after apply)
      [32m+[0m[0m ipv6_cidr_block_association_id                 = (known after apply)
      [32m+[0m[0m ipv6_native                                    = false
      [32m+[0m[0m map_public_ip_on_launch                        = false
      [32m+[0m[0m owner_id                                       = (known after apply)
      [32m+[0m[0m private_dns_hostname_type_on_launch            = (known after apply)
      [32m+[0m[0m tags                                           = {
          [32m+[0m[0m "Name" = "chatapp-prod-private-data-us-east-1a"
        }
      [32m+[0m[0m tags_all                                       = {
          [32m+[0m[0m "Environment" = "prod"
          [32m+[0m[0m "ManagedBy"   = "terraform"
          [32m+[0m[0m "Name"        = "chatapp-prod-private-data-us-east-1a"
          [32m+[0m[0m "Project"     = "chatapp"
        }
      [32m+[0m[0m vpc_id                                         = (known after apply)
    }

[1m  # module.vpc.aws_subnet.private_data[1][0m will be created
[0m  [32m+[0m[0m resource "aws_subnet" "private_data" {
      [32m+[0m[0m arn                                            = (known after apply)
      [32m+[0m[0m assign_ipv6_address_on_creation                = false
      [32m+[0m[0m availability_zone                              = "us-east-1b"
      [32m+[0m[0m availability_zone_id                           = (known after apply)
      [32m+[0m[0m cidr_block                                     = "10.1.21.0/24"
      [32m+[0m[0m enable_dns64                                   = false
      [32m+[0m[0m enable_resource_name_dns_a_record_on_launch    = false
      [32m+[0m[0m enable_resource_name_dns_aaaa_record_on_launch = false
      [32m+[0m[0m id                                             = (known after apply)
      [32m+[0m[0m ipv6_cidr_block_association_id                 = (known after apply)
      [32m+[0m[0m ipv6_native                                    = false
      [32m+[0m[0m map_public_ip_on_launch                        = false
      [32m+[0m[0m owner_id                                       = (known after apply)
      [32m+[0m[0m private_dns_hostname_type_on_launch            = (known after apply)
      [32m+[0m[0m tags                                           = {
          [32m+[0m[0m "Name" = "chatapp-prod-private-data-us-east-1b"
        }
      [32m+[0m[0m tags_all                                       = {
          [32m+[0m[0m "Environment" = "prod"
          [32m+[0m[0m "ManagedBy"   = "terraform"
          [32m+[0m[0m "Name"        = "chatapp-prod-private-data-us-east-1b"
          [32m+[0m[0m "Project"     = "chatapp"
        }
      [32m+[0m[0m vpc_id                                         = (known after apply)
    }

[1m  # module.vpc.aws_subnet.public[0][0m will be created
[0m  [32m+[0m[0m resource "aws_subnet" "public" {
      [32m+[0m[0m arn                                            = (known after apply)
      [32m+[0m[0m assign_ipv6_address_on_creation                = false
      [32m+[0m[0m availability_zone                              = "us-east-1a"
      [32m+[0m[0m availability_zone_id                           = (known after apply)
      [32m+[0m[0m cidr_block                                     = "10.1.0.0/24"
      [32m+[0m[0m enable_dns64                                   = false
      [32m+[0m[0m enable_resource_name_dns_a_record_on_launch    = false
      [32m+[0m[0m enable_resource_name_dns_aaaa_record_on_launch = false
      [32m+[0m[0m id                                             = (known after apply)
      [32m+[0m[0m ipv6_cidr_block_association_id                 = (known after apply)
      [32m+[0m[0m ipv6_native                                    = false
      [32m+[0m[0m map_public_ip_on_launch                        = true
      [32m+[0m[0m owner_id                                       = (known after apply)
      [32m+[0m[0m private_dns_hostname_type_on_launch            = (known after apply)
      [32m+[0m[0m tags                                           = {
          [32m+[0m[0m "Name"                                       = "chatapp-prod-public-us-east-1a"
          [32m+[0m[0m "kubernetes.io/cluster/chatapp-prod-cluster" = "shared"
          [32m+[0m[0m "kubernetes.io/role/elb"                     = "1"
        }
      [32m+[0m[0m tags_all                                       = {
          [32m+[0m[0m "Environment"                                = "prod"
          [32m+[0m[0m "ManagedBy"                                  = "terraform"
          [32m+[0m[0m "Name"                                       = "chatapp-prod-public-us-east-1a"
          [32m+[0m[0m "Project"                                    = "chatapp"
          [32m+[0m[0m "kubernetes.io/cluster/chatapp-prod-cluster" = "shared"
          [32m+[0m[0m "kubernetes.io/role/elb"                     = "1"
        }
      [32m+[0m[0m vpc_id                                         = (known after apply)
    }

[1m  # module.vpc.aws_subnet.public[1][0m will be created
[0m  [32m+[0m[0m resource "aws_subnet" "public" {
      [32m+[0m[0m arn                                            = (known after apply)
      [32m+[0m[0m assign_ipv6_address_on_creation                = false
      [32m+[0m[0m availability_zone                              = "us-east-1b"
      [32m+[0m[0m availability_zone_id                           = (known after apply)
      [32m+[0m[0m cidr_block                                     = "10.1.1.0/24"
      [32m+[0m[0m enable_dns64                                   = false
      [32m+[0m[0m enable_resource_name_dns_a_record_on_launch    = false
      [32m+[0m[0m enable_resource_name_dns_aaaa_record_on_launch = false
      [32m+[0m[0m id                                             = (known after apply)
      [32m+[0m[0m ipv6_cidr_block_association_id                 = (known after apply)
      [32m+[0m[0m ipv6_native                                    = false
      [32m+[0m[0m map_public_ip_on_launch                        = true
      [32m+[0m[0m owner_id                                       = (known after apply)
      [32m+[0m[0m private_dns_hostname_type_on_launch            = (known after apply)
      [32m+[0m[0m tags                                           = {
          [32m+[0m[0m "Name"                                       = "chatapp-prod-public-us-east-1b"
          [32m+[0m[0m "kubernetes.io/cluster/chatapp-prod-cluster" = "shared"
          [32m+[0m[0m "kubernetes.io/role/elb"                     = "1"
        }
      [32m+[0m[0m tags_all                                       = {
          [32m+[0m[0m "Environment"                                = "prod"
          [32m+[0m[0m "ManagedBy"                                  = "terraform"
          [32m+[0m[0m "Name"                                       = "chatapp-prod-public-us-east-1b"
          [32m+[0m[0m "Project"                                    = "chatapp"
          [32m+[0m[0m "kubernetes.io/cluster/chatapp-prod-cluster" = "shared"
          [32m+[0m[0m "kubernetes.io/role/elb"                     = "1"
        }
      [32m+[0m[0m vpc_id                                         = (known after apply)
    }

[1m  # module.vpc.aws_vpc.this[0m will be created
[0m  [32m+[0m[0m resource "aws_vpc" "this" {
      [32m+[0m[0m arn                                  = (known after apply)
      [32m+[0m[0m cidr_block                           = "10.1.0.0/16"
      [32m+[0m[0m default_network_acl_id               = (known after apply)
      [32m+[0m[0m default_route_table_id               = (known after apply)
      [32m+[0m[0m default_security_group_id            = (known after apply)
      [32m+[0m[0m dhcp_options_id                      = (known after apply)
      [32m+[0m[0m enable_dns_hostnames                 = true
      [32m+[0m[0m enable_dns_support                   = true
      [32m+[0m[0m enable_network_address_usage_metrics = (known after apply)
      [32m+[0m[0m id                                   = (known after apply)
      [32m+[0m[0m instance_tenancy                     = "default"
      [32m+[0m[0m ipv6_association_id                  = (known after apply)
      [32m+[0m[0m ipv6_cidr_block                      = (known after apply)
      [32m+[0m[0m ipv6_cidr_block_network_border_group = (known after apply)
      [32m+[0m[0m main_route_table_id                  = (known after apply)
      [32m+[0m[0m owner_id                             = (known after apply)
      [32m+[0m[0m tags                                 = {
          [32m+[0m[0m "Name" = "chatapp-prod-vpc"
        }
      [32m+[0m[0m tags_all                             = {
          [32m+[0m[0m "Environment" = "prod"
          [32m+[0m[0m "ManagedBy"   = "terraform"
          [32m+[0m[0m "Name"        = "chatapp-prod-vpc"
          [32m+[0m[0m "Project"     = "chatapp"
        }
    }

[1mPlan:[0m [0m45 to add, 0 to change, 0 to destroy.

Changes to Outputs:
  [33m~[0m[0m vpc_id = "vpc-0b72408b130d448c3" -> (known after apply)
[0m[1mmodule.vpc.aws_cloudwatch_log_group.flow_logs: Creating...[0m[0m
[0m[1mmodule.kms.aws_kms_key.elasticache: Creating...[0m[0m
[0m[1mmodule.kms.aws_kms_key.secrets: Creating...[0m[0m
[0m[1mmodule.vpc.aws_eip.nat[0]: Creating...[0m[0m
[0m[1mmodule.vpc.aws_vpc.this: Creating...[0m[0m
[0m[1mmodule.vpc.aws_eip.nat[1]: Creating...[0m[0m
[0m[1mmodule.kms.aws_kms_key.eks: Creating...[0m[0m
[0m[1mmodule.iam_bootstrap.aws_iam_role.eks_cluster: Creating...[0m[0m
[0m[1mmodule.iam_bootstrap.aws_iam_role.eks_node: Creating...[0m[0m
[0m[1mmodule.vpc.aws_iam_role.flow_logs: Creating...[0m[0m
[0m[1mmodule.vpc.aws_cloudwatch_log_group.flow_logs: Creation complete after 0s [id=/aws/vpc/chatapp-prod-flow-logs][0m
[0m[1mmodule.kms.aws_kms_key.rds: Creating...[0m[0m
[0m[1mmodule.iam_bootstrap.aws_iam_role.eks_cluster: Creation complete after 1s [id=chatapp-prod-eks-cluster-role][0m
[0m[1mmodule.iam_bootstrap.aws_iam_role_policy_attachment.eks_cluster: Creating...[0m[0m
[0m[1mmodule.vpc.aws_iam_role.flow_logs: Creation complete after 1s [id=chatapp-prod-vpc-flow-logs-role][0m
[0m[1mmodule.vpc.aws_iam_role_policy.flow_logs: Creating...[0m[0m
[0m[1mmodule.iam_bootstrap.aws_iam_role.eks_node: Creation complete after 1s [id=chatapp-prod-eks-node-role][0m
[0m[1mmodule.iam_bootstrap.aws_iam_role_policy_attachment.node_ecr: Creating...[0m[0m
[0m[1mmodule.iam_bootstrap.aws_iam_role_policy_attachment.eks_cluster: Creation complete after 0s [id=chatapp-prod-eks-cluster-role-20260527230331672300000001][0m
[0m[1mmodule.iam_bootstrap.aws_iam_role_policy_attachment.node_worker: Creating...[0m[0m
[0m[1mmodule.iam_bootstrap.aws_iam_role_policy_attachment.node_ecr: Creation complete after 0s [id=chatapp-prod-eks-node-role-20260527230331757500000002][0m
[0m[1mmodule.iam_bootstrap.aws_iam_role_policy_attachment.node_cni: Creating...[0m[0m
[0m[1mmodule.vpc.aws_iam_role_policy.flow_logs: Creation complete after 0s [id=chatapp-prod-vpc-flow-logs-role:chatapp-prod-vpc-flow-logs-policy][0m
[0m[1mmodule.iam_bootstrap.aws_iam_role_policy_attachment.node_worker: Creation complete after 0s [id=chatapp-prod-eks-node-role-20260527230331894900000003][0m
[0m[1mmodule.iam_bootstrap.aws_iam_role_policy_attachment.node_cni: Creation complete after 0s [id=chatapp-prod-eks-node-role-20260527230332007300000004][0m
[0m[1mmodule.vpc.aws_eip.nat[1]: Creation complete after 2s [id=eipalloc-08e1053ae9bf68125][0m
[0m[1mmodule.vpc.aws_eip.nat[0]: Creation complete after 2s [id=eipalloc-022ee9f4e47e6b1e7][0m
[0m[1mmodule.kms.aws_kms_key.elasticache: Still creating... [00m10s elapsed][0m[0m
[0m[1mmodule.vpc.aws_vpc.this: Still creating... [00m10s elapsed][0m[0m
[0m[1mmodule.kms.aws_kms_key.eks: Still creating... [00m10s elapsed][0m[0m
[0m[1mmodule.kms.aws_kms_key.secrets: Still creating... [00m10s elapsed][0m[0m
[0m[1mmodule.kms.aws_kms_key.rds: Still creating... [00m10s elapsed][0m[0m
[0m[1mmodule.vpc.aws_vpc.this: Creation complete after 12s [id=vpc-07f61fb37477f7e6a][0m
[0m[1mmodule.vpc.aws_subnet.private_app[0]: Creating...[0m[0m
[0m[1mmodule.vpc.aws_internet_gateway.this: Creating...[0m[0m
[0m[1mmodule.vpc.aws_subnet.private_data[0]: Creating...[0m[0m
[0m[1mmodule.vpc.aws_flow_log.this: Creating...[0m[0m
[0m[1mmodule.vpc.aws_subnet.private_data[1]: Creating...[0m[0m
[0m[1mmodule.vpc.aws_subnet.private_app[1]: Creating...[0m[0m
[0m[1mmodule.vpc.aws_flow_log.this: Creation complete after 1s [id=fl-0de05e9ff77ead87b][0m
[0m[1mmodule.vpc.aws_subnet.public[0]: Creating...[0m[0m
[0m[1mmodule.vpc.aws_internet_gateway.this: Creation complete after 1s [id=igw-04b4bed5a23cacc85][0m
[0m[1mmodule.vpc.aws_subnet.public[1]: Creating...[0m[0m
[0m[1mmodule.vpc.aws_subnet.private_data[0]: Creation complete after 1s [id=subnet-01d932b8460df2f45][0m
[0m[1mmodule.vpc.aws_route_table.public: Creating...[0m[0m
[0m[1mmodule.kms.aws_kms_key.elasticache: Creation complete after 14s [id=7483b970-fde1-442c-90b4-d0cdf8a78739][0m
[0m[1mmodule.kms.aws_kms_key.secrets: Creation complete after 14s [id=60874524-870a-4a57-aacc-4c8c7b77820c][0m
[0m[1mmodule.kms.aws_kms_key.eks: Creation complete after 14s [id=26d2dadf-53a8-4b7f-b49c-810287442ce0][0m
[0m[1mmodule.kms.aws_kms_alias.secrets: Creating...[0m[0m
[0m[1mmodule.kms.aws_kms_alias.elasticache: Creating...[0m[0m
[0m[1mmodule.security_groups.aws_security_group.alb: Creating...[0m[0m
[0m[1mmodule.kms.aws_kms_alias.elasticache: Creation complete after 0s [id=alias/chatapp-prod-elasticache][0m
[0m[1mmodule.kms.aws_kms_alias.secrets: Creation complete after 0s [id=alias/chatapp-prod-secrets][0m
[0m[1mmodule.kms.aws_kms_alias.eks: Creating...[0m[0m
[0m[1mmodule.vpc.aws_subnet.private_app[1]: Creation complete after 2s [id=subnet-0eba1fc0bcbf9d22d][0m
[0m[1mmodule.vpc.aws_subnet.private_data[1]: Creation complete after 2s [id=subnet-0747012980d7073fc][0m
[0m[1mmodule.kms.aws_kms_key.rds: Creation complete after 14s [id=3634565e-3e0f-4b87-88ed-42cd7f09e52e][0m
[0m[1mmodule.kms.aws_kms_alias.eks: Creation complete after 0s [id=alias/chatapp-prod-eks][0m
[0m[1mmodule.kms.aws_kms_alias.rds: Creating...[0m[0m
[0m[1mmodule.kms.aws_kms_alias.rds: Creation complete after 0s [id=alias/chatapp-prod-rds][0m
[0m[1mmodule.vpc.aws_route_table.public: Creation complete after 2s [id=rtb-0ce71e6d809043955][0m
[0m[1mmodule.vpc.aws_subnet.private_app[0]: Creation complete after 3s [id=subnet-019c954fc8fea069c][0m
[0m[1mmodule.security_groups.aws_security_group.alb: Creation complete after 3s [id=sg-0d124cba2f989a9fb][0m
[0m[1mmodule.security_groups.aws_security_group.eks_nodes: Creating...[0m[0m
[0m[1mmodule.security_groups.aws_security_group.eks_nodes: Creation complete after 3s [id=sg-07d995f04c3945189][0m
[0m[1mmodule.security_groups.aws_security_group.elasticache: Creating...[0m[0m
[0m[1mmodule.security_groups.aws_security_group.rds: Creating...[0m[0m
[0m[1mmodule.security_groups.aws_security_group.rds: Creation complete after 3s [id=sg-043e9e25edda836d2][0m
[0m[1mmodule.vpc.aws_subnet.public[0]: Still creating... [00m10s elapsed][0m[0m
[0m[1mmodule.vpc.aws_subnet.public[1]: Still creating... [00m10s elapsed][0m[0m
[0m[1mmodule.security_groups.aws_security_group.elasticache: Creation complete after 3s [id=sg-0087496e1eea63824][0m
[0m[1mmodule.vpc.aws_subnet.public[0]: Creation complete after 11s [id=subnet-0252538be2a0949e2][0m
[0m[1mmodule.vpc.aws_subnet.public[1]: Creation complete after 12s [id=subnet-09936ac9fcd400de6][0m
[0m[1mmodule.vpc.aws_route_table_association.public[0]: Creating...[0m[0m
[0m[1mmodule.vpc.aws_route_table_association.public[1]: Creating...[0m[0m
[0m[1mmodule.vpc.aws_nat_gateway.this[0]: Creating...[0m[0m
[0m[1mmodule.vpc.aws_nat_gateway.this[1]: Creating...[0m[0m
[0m[1mmodule.vpc.aws_route_table_association.public[0]: Creation complete after 0s [id=rtbassoc-0c3b11a9af00bfcab][0m
[0m[1mmodule.vpc.aws_route_table_association.public[1]: Creation complete after 0s [id=rtbassoc-0ca414bc4ca822376][0m
[0m[1mmodule.vpc.aws_nat_gateway.this[0]: Still creating... [00m07s elapsed][0m[0m
[0m[1mmodule.vpc.aws_nat_gateway.this[1]: Still creating... [00m07s elapsed][0m[0m
[0m[1mmodule.vpc.aws_nat_gateway.this[1]: Still creating... [00m17s elapsed][0m[0m
[0m[1mmodule.vpc.aws_nat_gateway.this[0]: Still creating... [00m17s elapsed][0m[0m
[0m[1mmodule.vpc.aws_nat_gateway.this[0]: Still creating... [00m27s elapsed][0m[0m
[0m[1mmodule.vpc.aws_nat_gateway.this[1]: Still creating... [00m27s elapsed][0m[0m
[0m[1mmodule.vpc.aws_nat_gateway.this[0]: Still creating... [00m35s elapsed][0m[0m
[0m[1mmodule.vpc.aws_nat_gateway.this[1]: Still creating... [00m35s elapsed][0m[0m
[0m[1mmodule.vpc.aws_nat_gateway.this[1]: Still creating... [00m45s elapsed][0m[0m
[0m[1mmodule.vpc.aws_nat_gateway.this[0]: Still creating... [00m45s elapsed][0m[0m
[0m[1mmodule.vpc.aws_nat_gateway.this[0]: Still creating... [00m55s elapsed][0m[0m
[0m[1mmodule.vpc.aws_nat_gateway.this[1]: Still creating... [00m55s elapsed][0m[0m
[0m[1mmodule.vpc.aws_nat_gateway.this[0]: Still creating... [01m05s elapsed][0m[0m
[0m[1mmodule.vpc.aws_nat_gateway.this[1]: Still creating... [01m05s elapsed][0m[0m
[0m[1mmodule.vpc.aws_nat_gateway.this[1]: Still creating... [01m13s elapsed][0m[0m
[0m[1mmodule.vpc.aws_nat_gateway.this[0]: Still creating... [01m13s elapsed][0m[0m
[0m[1mmodule.vpc.aws_nat_gateway.this[1]: Still creating... [01m23s elapsed][0m[0m
[0m[1mmodule.vpc.aws_nat_gateway.this[0]: Still creating... [01m23s elapsed][0m[0m
[0m[1mmodule.vpc.aws_nat_gateway.this[1]: Still creating... [01m33s elapsed][0m[0m
[0m[1mmodule.vpc.aws_nat_gateway.this[0]: Still creating... [01m33s elapsed][0m[0m
[0m[1mmodule.vpc.aws_nat_gateway.this[0]: Creation complete after 1m36s [id=nat-0d57b23799791e00b][0m
[0m[1mmodule.vpc.aws_nat_gateway.this[1]: Still creating... [01m41s elapsed][0m[0m
[0m[1mmodule.vpc.aws_nat_gateway.this[1]: Creation complete after 1m46s [id=nat-08189162d7d73104e][0m
[0m[1mmodule.vpc.aws_route_table.private_data[0]: Creating...[0m[0m
[0m[1mmodule.vpc.aws_route_table.private_app[0]: Creating...[0m[0m
[0m[1mmodule.vpc.aws_route_table.private_app[1]: Creating...[0m[0m
[0m[1mmodule.vpc.aws_route_table.private_data[1]: Creating...[0m[0m
[0m[1mmodule.vpc.aws_route_table.private_data[1]: Creation complete after 1s [id=rtb-0ae513fe82fe8bc5a][0m
[0m[1mmodule.vpc.aws_route_table.private_data[0]: Creation complete after 1s [id=rtb-0d8d6cdc984115d2f][0m
[0m[1mmodule.vpc.aws_route_table_association.private_data[1]: Creating...[0m[0m
[0m[1mmodule.vpc.aws_route_table_association.private_data[0]: Creating...[0m[0m
[0m[1mmodule.vpc.aws_route_table.private_app[1]: Creation complete after 2s [id=rtb-0e2a39d1d1532116d][0m
[0m[1mmodule.vpc.aws_route_table.private_app[0]: Creation complete after 2s [id=rtb-0c6fde99d27c791b0][0m
[0m[1mmodule.vpc.aws_route_table_association.private_app[1]: Creating...[0m[0m
[0m[1mmodule.vpc.aws_route_table_association.private_app[0]: Creating...[0m[0m
[0m[1mmodule.vpc.aws_route_table_association.private_data[1]: Creation complete after 1s [id=rtbassoc-00b0e1fcfebb480c8][0m
[0m[1mmodule.vpc.aws_route_table_association.private_data[0]: Creation complete after 1s [id=rtbassoc-0a1ac9bc64c7a5731][0m
[0m[1mmodule.vpc.aws_route_table_association.private_app[1]: Creation complete after 0s [id=rtbassoc-0bbe186498334be36][0m
[0m[1mmodule.vpc.aws_route_table_association.private_app[0]: Creation complete after 0s [id=rtbassoc-062c79aefb37a27c0][0m
[33m╷[0m[0m
[33m│[0m [0m[1m[33mWarning: [0m[0m[1mResource targeting is in effect[0m
[33m│[0m [0m
[33m│[0m [0m[0mYou are creating a plan with the -target option, which means that the
[33m│[0m [0mresult of this plan may not represent all of the changes requested by the
[33m│[0m [0mcurrent configuration.
[33m│[0m [0m
[33m│[0m [0mThe -target option is not for routine use, and is provided only for
[33m│[0m [0mexceptional situations such as recovering from errors or mistakes, or when
[33m│[0m [0mTerraform specifically suggests to use it as part of an error message.
[33m╵[0m[0m
[33m╷[0m[0m
[33m│[0m [0m[1m[33mWarning: [0m[0m[1mApplied changes may be incomplete[0m
[33m│[0m [0m
[33m│[0m [0m[0mThe plan was created with the -target option in effect, so some changes
[33m│[0m [0mrequested in the configuration may have been ignored and the output values
[33m│[0m [0mmay not be fully updated. Run the following command to verify that no other
[33m│[0m [0mchanges are pending:
[33m│[0m [0m    terraform plan
[33m│[0m [0m
[33m│[0m [0mNote that the -target option is not suitable for routine use, and is
[33m│[0m [0mprovided only for exceptional situations such as recovering from errors or
[33m│[0m [0mmistakes, or when Terraform specifically suggests to use it as part of an
[33m│[0m [0merror message.
[33m╵[0m[0m
[0m[1m[32m
Apply complete! Resources: 45 added, 0 changed, 0 destroyed.[0m
[0m[1m[32m
Outputs:

[0meks_cluster_name = "chatapp-prod-cluster"
helm_deploy_command = <<EOT
# Update kubeconfig
aws eks update-kubeconfig --name chatapp-prod-cluster --region us-east-1

# Download RDS CA bundle (if not already present)
curl -sL https://truststore.pki.rds.amazonaws.com/global/global-bundle.pem -o global-bundle.pem

# Apply with generated values
helm upgrade --install chatapp ../awschatapp-platform \
  --values ../awschatapp-platform/values.yaml \
  --values ../awschatapp-platform/values-prod-infra.yaml \
  --values ../awschatapp-platform/values-prod-secrets.yaml \
  -n chatapp --create-namespace

EOT
vpc_id = "vpc-07f61fb37477f7e6a"
