[33m╷[0m[0m
[33m│[0m [0m[1m[33mWarning: [0m[0m[1mDeprecated Parameter[0m
[33m│[0m [0m
[33m│[0m [0m[0mThe parameter "dynamodb_table" is deprecated. Use parameter "use_lockfile" instead.
[33m╵[0m[0m
Acquiring state lock. This may take a few moments...
[0m[1mmodule.iam_bootstrap.aws_iam_role.eks_cluster: Refreshing state... [id=chatapp-prod-eks-cluster-role][0m
[0m[1mmodule.iam_bootstrap.aws_iam_role.eks_node: Refreshing state... [id=chatapp-prod-eks-node-role][0m
[0m[1mmodule.vpc.aws_vpc.this: Refreshing state... [id=vpc-07f61fb37477f7e6a][0m
[0m[1mdata.aws_caller_identity.current: Reading...[0m[0m
[0m[1mdata.aws_caller_identity.current: Read complete after 0s [id=866317130608][0m
[0m[1mmodule.kms.data.aws_iam_policy_document.kms: Reading...[0m[0m
[0m[1mmodule.kms.data.aws_iam_policy_document.kms: Read complete after 0s [id=1707013534][0m
[0m[1mmodule.kms.aws_kms_key.eks: Refreshing state... [id=26d2dadf-53a8-4b7f-b49c-810287442ce0][0m
[0m[1mmodule.vpc.aws_subnet.private_app[0]: Refreshing state... [id=subnet-019c954fc8fea069c][0m
[0m[1mmodule.vpc.aws_subnet.private_app[1]: Refreshing state... [id=subnet-0eba1fc0bcbf9d22d][0m
[0m[1mmodule.security_groups.aws_security_group.alb: Refreshing state... [id=sg-0d124cba2f989a9fb][0m
[0m[1mmodule.security_groups.aws_security_group.eks_nodes: Refreshing state... [id=sg-07d995f04c3945189][0m

Terraform used the selected providers to generate the following execution
plan. Resource actions are indicated with the following symbols:
  [32m+[0m create[0m
 [36m<=[0m read (data resources)[0m

Terraform will perform the following actions:

[1m  # module.eks.data.tls_certificate.eks[0m will be read during apply
  # (config refers to values not yet known)
[0m [36m<=[0m[0m data "tls_certificate" "eks" {
      [32m+[0m[0m certificates = (known after apply)
      [32m+[0m[0m id           = (known after apply)
      [32m+[0m[0m url          = (known after apply)
    }

[1m  # module.eks.aws_cloudwatch_log_group.eks[0m will be created
[0m  [32m+[0m[0m resource "aws_cloudwatch_log_group" "eks" {
      [32m+[0m[0m arn               = (known after apply)
      [32m+[0m[0m id                = (known after apply)
      [32m+[0m[0m log_group_class   = (known after apply)
      [32m+[0m[0m name              = "/aws/eks/chatapp-prod-cluster/cluster"
      [32m+[0m[0m name_prefix       = (known after apply)
      [32m+[0m[0m retention_in_days = 30
      [32m+[0m[0m skip_destroy      = false
      [32m+[0m[0m tags_all          = {
          [32m+[0m[0m "Environment" = "prod"
          [32m+[0m[0m "ManagedBy"   = "terraform"
          [32m+[0m[0m "Project"     = "chatapp"
        }
    }

[1m  # module.eks.aws_eks_addon.coredns[0m will be created
[0m  [32m+[0m[0m resource "aws_eks_addon" "coredns" {
      [32m+[0m[0m addon_name                  = "coredns"
      [32m+[0m[0m addon_version               = "v1.11.3-eksbuild.1"
      [32m+[0m[0m arn                         = (known after apply)
      [32m+[0m[0m cluster_name                = "chatapp-prod-cluster"
      [32m+[0m[0m configuration_values        = (known after apply)
      [32m+[0m[0m created_at                  = (known after apply)
      [32m+[0m[0m id                          = (known after apply)
      [32m+[0m[0m modified_at                 = (known after apply)
      [32m+[0m[0m resolve_conflicts_on_update = "OVERWRITE"
      [32m+[0m[0m tags_all                    = {
          [32m+[0m[0m "Environment" = "prod"
          [32m+[0m[0m "ManagedBy"   = "terraform"
          [32m+[0m[0m "Project"     = "chatapp"
        }
    }

[1m  # module.eks.aws_eks_addon.kube_proxy[0m will be created
[0m  [32m+[0m[0m resource "aws_eks_addon" "kube_proxy" {
      [32m+[0m[0m addon_name                  = "kube-proxy"
      [32m+[0m[0m addon_version               = "v1.31.2-eksbuild.3"
      [32m+[0m[0m arn                         = (known after apply)
      [32m+[0m[0m cluster_name                = "chatapp-prod-cluster"
      [32m+[0m[0m configuration_values        = (known after apply)
      [32m+[0m[0m created_at                  = (known after apply)
      [32m+[0m[0m id                          = (known after apply)
      [32m+[0m[0m modified_at                 = (known after apply)
      [32m+[0m[0m resolve_conflicts_on_update = "OVERWRITE"
      [32m+[0m[0m tags_all                    = {
          [32m+[0m[0m "Environment" = "prod"
          [32m+[0m[0m "ManagedBy"   = "terraform"
          [32m+[0m[0m "Project"     = "chatapp"
        }
    }

[1m  # module.eks.aws_eks_addon.pod_identity[0m will be created
[0m  [32m+[0m[0m resource "aws_eks_addon" "pod_identity" {
      [32m+[0m[0m addon_name                  = "eks-pod-identity-agent"
      [32m+[0m[0m addon_version               = "v1.3.4-eksbuild.1"
      [32m+[0m[0m arn                         = (known after apply)
      [32m+[0m[0m cluster_name                = "chatapp-prod-cluster"
      [32m+[0m[0m configuration_values        = (known after apply)
      [32m+[0m[0m created_at                  = (known after apply)
      [32m+[0m[0m id                          = (known after apply)
      [32m+[0m[0m modified_at                 = (known after apply)
      [32m+[0m[0m resolve_conflicts_on_update = "OVERWRITE"
      [32m+[0m[0m tags_all                    = {
          [32m+[0m[0m "Environment" = "prod"
          [32m+[0m[0m "ManagedBy"   = "terraform"
          [32m+[0m[0m "Project"     = "chatapp"
        }
    }

[1m  # module.eks.aws_eks_addon.vpc_cni[0m will be created
[0m  [32m+[0m[0m resource "aws_eks_addon" "vpc_cni" {
      [32m+[0m[0m addon_name                  = "vpc-cni"
      [32m+[0m[0m addon_version               = "v1.18.1-eksbuild.3"
      [32m+[0m[0m arn                         = (known after apply)
      [32m+[0m[0m cluster_name                = "chatapp-prod-cluster"
      [32m+[0m[0m configuration_values        = (known after apply)
      [32m+[0m[0m created_at                  = (known after apply)
      [32m+[0m[0m id                          = (known after apply)
      [32m+[0m[0m modified_at                 = (known after apply)
      [32m+[0m[0m resolve_conflicts_on_update = "OVERWRITE"
      [32m+[0m[0m tags_all                    = {
          [32m+[0m[0m "Environment" = "prod"
          [32m+[0m[0m "ManagedBy"   = "terraform"
          [32m+[0m[0m "Project"     = "chatapp"
        }
    }

[1m  # module.eks.aws_eks_cluster.this[0m will be created
[0m  [32m+[0m[0m resource "aws_eks_cluster" "this" {
      [32m+[0m[0m arn                           = (known after apply)
      [32m+[0m[0m bootstrap_self_managed_addons = true
      [32m+[0m[0m certificate_authority         = (known after apply)
      [32m+[0m[0m cluster_id                    = (known after apply)
      [32m+[0m[0m created_at                    = (known after apply)
      [32m+[0m[0m enabled_cluster_log_types     = [
          [32m+[0m[0m "api",
          [32m+[0m[0m "audit",
          [32m+[0m[0m "authenticator",
          [32m+[0m[0m "controllerManager",
          [32m+[0m[0m "scheduler",
        ]
      [32m+[0m[0m endpoint                      = (known after apply)
      [32m+[0m[0m id                            = (known after apply)
      [32m+[0m[0m identity                      = (known after apply)
      [32m+[0m[0m name                          = "chatapp-prod-cluster"
      [32m+[0m[0m platform_version              = (known after apply)
      [32m+[0m[0m role_arn                      = "arn:aws:iam::866317130608:role/chatapp-prod-eks-cluster-role"
      [32m+[0m[0m status                        = (known after apply)
      [32m+[0m[0m tags_all                      = {
          [32m+[0m[0m "Environment" = "prod"
          [32m+[0m[0m "ManagedBy"   = "terraform"
          [32m+[0m[0m "Project"     = "chatapp"
        }
      [32m+[0m[0m version                       = "1.31"

      [32m+[0m[0m access_config (known after apply)

      [32m+[0m[0m encryption_config {
          [32m+[0m[0m resources = [
              [32m+[0m[0m "secrets",
            ]

          [32m+[0m[0m provider {
              [32m+[0m[0m key_arn = "arn:aws:kms:us-east-1:866317130608:key/26d2dadf-53a8-4b7f-b49c-810287442ce0"
            }
        }

      [32m+[0m[0m kubernetes_network_config (known after apply)

      [32m+[0m[0m upgrade_policy (known after apply)

      [32m+[0m[0m vpc_config {
          [32m+[0m[0m cluster_security_group_id = (known after apply)
          [32m+[0m[0m endpoint_private_access   = true
          [32m+[0m[0m endpoint_public_access    = true
          [32m+[0m[0m public_access_cidrs       = [
              [32m+[0m[0m "24.131.137.136/32",
            ]
          [32m+[0m[0m security_group_ids        = [
              [32m+[0m[0m "sg-07d995f04c3945189",
            ]
          [32m+[0m[0m subnet_ids                = [
              [32m+[0m[0m "subnet-019c954fc8fea069c",
              [32m+[0m[0m "subnet-0eba1fc0bcbf9d22d",
            ]
          [32m+[0m[0m vpc_id                    = (known after apply)
        }
    }

[1m  # module.eks.aws_eks_node_group.app[0m will be created
[0m  [32m+[0m[0m resource "aws_eks_node_group" "app" {
      [32m+[0m[0m ami_type               = (known after apply)
      [32m+[0m[0m arn                    = (known after apply)
      [32m+[0m[0m capacity_type          = (known after apply)
      [32m+[0m[0m cluster_name           = "chatapp-prod-cluster"
      [32m+[0m[0m disk_size              = (known after apply)
      [32m+[0m[0m force_update_version   = false
      [32m+[0m[0m id                     = (known after apply)
      [32m+[0m[0m instance_types         = [
          [32m+[0m[0m "t3.medium",
        ]
      [32m+[0m[0m labels                 = {
          [32m+[0m[0m "role" = "app"
        }
      [32m+[0m[0m node_group_name        = "chatapp-prod-app-nodes"
      [32m+[0m[0m node_group_name_prefix = (known after apply)
      [32m+[0m[0m node_role_arn          = "arn:aws:iam::866317130608:role/chatapp-prod-eks-node-role"
      [32m+[0m[0m release_version        = (known after apply)
      [32m+[0m[0m resources              = (known after apply)
      [32m+[0m[0m status                 = (known after apply)
      [32m+[0m[0m subnet_ids             = [
          [32m+[0m[0m "subnet-019c954fc8fea069c",
          [32m+[0m[0m "subnet-0eba1fc0bcbf9d22d",
        ]
      [32m+[0m[0m tags                   = {
          [32m+[0m[0m "Name"                                           = "chatapp-prod-app-nodes"
          [32m+[0m[0m "k8s.io/cluster-autoscaler/chatapp-prod-cluster" = "owned"
          [32m+[0m[0m "k8s.io/cluster-autoscaler/enabled"              = "true"
        }
      [32m+[0m[0m tags_all               = {
          [32m+[0m[0m "Environment"                                    = "prod"
          [32m+[0m[0m "ManagedBy"                                      = "terraform"
          [32m+[0m[0m "Name"                                           = "chatapp-prod-app-nodes"
          [32m+[0m[0m "Project"                                        = "chatapp"
          [32m+[0m[0m "k8s.io/cluster-autoscaler/chatapp-prod-cluster" = "owned"
          [32m+[0m[0m "k8s.io/cluster-autoscaler/enabled"              = "true"
        }
      [32m+[0m[0m version                = (known after apply)

      [32m+[0m[0m node_repair_config (known after apply)

      [32m+[0m[0m scaling_config {
          [32m+[0m[0m desired_size = 2
          [32m+[0m[0m max_size     = 10
          [32m+[0m[0m min_size     = 2
        }

      [32m+[0m[0m update_config {
          [32m+[0m[0m max_unavailable = 1
        }
    }

[1m  # module.eks.aws_iam_openid_connect_provider.eks[0m will be created
[0m  [32m+[0m[0m resource "aws_iam_openid_connect_provider" "eks" {
      [32m+[0m[0m arn             = (known after apply)
      [32m+[0m[0m client_id_list  = [
          [32m+[0m[0m "sts.amazonaws.com",
        ]
      [32m+[0m[0m id              = (known after apply)
      [32m+[0m[0m tags_all        = {
          [32m+[0m[0m "Environment" = "prod"
          [32m+[0m[0m "ManagedBy"   = "terraform"
          [32m+[0m[0m "Project"     = "chatapp"
        }
      [32m+[0m[0m thumbprint_list = (known after apply)
      [32m+[0m[0m url             = (known after apply)
    }

[1mPlan:[0m [0m8 to add, 0 to change, 0 to destroy.

Changes to Outputs:
  [32m+[0m[0m eks_cluster_endpoint = (known after apply)
[0m[1mmodule.eks.aws_cloudwatch_log_group.eks: Creating...[0m[0m
[0m[1mmodule.eks.aws_cloudwatch_log_group.eks: Creation complete after 1s [id=/aws/eks/chatapp-prod-cluster/cluster][0m
[0m[1mmodule.eks.aws_eks_cluster.this: Creating...[0m[0m
[0m[1mmodule.eks.aws_eks_cluster.this: Still creating... [00m10s elapsed][0m[0m
[0m[1mmodule.eks.aws_eks_cluster.this: Still creating... [00m20s elapsed][0m[0m
[0m[1mmodule.eks.aws_eks_cluster.this: Still creating... [00m30s elapsed][0m[0m
[0m[1mmodule.eks.aws_eks_cluster.this: Still creating... [00m40s elapsed][0m[0m
[0m[1mmodule.eks.aws_eks_cluster.this: Still creating... [00m50s elapsed][0m[0m
[0m[1mmodule.eks.aws_eks_cluster.this: Still creating... [01m00s elapsed][0m[0m
[0m[1mmodule.eks.aws_eks_cluster.this: Still creating... [01m10s elapsed][0m[0m
[0m[1mmodule.eks.aws_eks_cluster.this: Still creating... [01m20s elapsed][0m[0m
[0m[1mmodule.eks.aws_eks_cluster.this: Still creating... [01m30s elapsed][0m[0m
[0m[1mmodule.eks.aws_eks_cluster.this: Still creating... [01m40s elapsed][0m[0m
[0m[1mmodule.eks.aws_eks_cluster.this: Still creating... [01m50s elapsed][0m[0m
[0m[1mmodule.eks.aws_eks_cluster.this: Still creating... [02m00s elapsed][0m[0m
[0m[1mmodule.eks.aws_eks_cluster.this: Still creating... [02m10s elapsed][0m[0m
[0m[1mmodule.eks.aws_eks_cluster.this: Still creating... [02m20s elapsed][0m[0m
[0m[1mmodule.eks.aws_eks_cluster.this: Still creating... [02m30s elapsed][0m[0m
[0m[1mmodule.eks.aws_eks_cluster.this: Still creating... [02m40s elapsed][0m[0m
[0m[1mmodule.eks.aws_eks_cluster.this: Still creating... [02m50s elapsed][0m[0m
[0m[1mmodule.eks.aws_eks_cluster.this: Still creating... [03m00s elapsed][0m[0m
[0m[1mmodule.eks.aws_eks_cluster.this: Still creating... [03m10s elapsed][0m[0m
[0m[1mmodule.eks.aws_eks_cluster.this: Still creating... [03m20s elapsed][0m[0m
[0m[1mmodule.eks.aws_eks_cluster.this: Still creating... [03m30s elapsed][0m[0m
[0m[1mmodule.eks.aws_eks_cluster.this: Still creating... [03m40s elapsed][0m[0m
[0m[1mmodule.eks.aws_eks_cluster.this: Still creating... [03m50s elapsed][0m[0m
[0m[1mmodule.eks.aws_eks_cluster.this: Still creating... [04m00s elapsed][0m[0m
[0m[1mmodule.eks.aws_eks_cluster.this: Still creating... [04m10s elapsed][0m[0m
[0m[1mmodule.eks.aws_eks_cluster.this: Still creating... [04m20s elapsed][0m[0m
[0m[1mmodule.eks.aws_eks_cluster.this: Still creating... [04m30s elapsed][0m[0m
[0m[1mmodule.eks.aws_eks_cluster.this: Still creating... [04m40s elapsed][0m[0m
[0m[1mmodule.eks.aws_eks_cluster.this: Still creating... [04m50s elapsed][0m[0m
[0m[1mmodule.eks.aws_eks_cluster.this: Still creating... [05m00s elapsed][0m[0m
[0m[1mmodule.eks.aws_eks_cluster.this: Still creating... [05m10s elapsed][0m[0m
[0m[1mmodule.eks.aws_eks_cluster.this: Still creating... [05m20s elapsed][0m[0m
[0m[1mmodule.eks.aws_eks_cluster.this: Still creating... [05m30s elapsed][0m[0m
[0m[1mmodule.eks.aws_eks_cluster.this: Still creating... [05m40s elapsed][0m[0m
[0m[1mmodule.eks.aws_eks_cluster.this: Still creating... [05m50s elapsed][0m[0m
[0m[1mmodule.eks.aws_eks_cluster.this: Still creating... [06m00s elapsed][0m[0m
[0m[1mmodule.eks.aws_eks_cluster.this: Still creating... [06m10s elapsed][0m[0m
[0m[1mmodule.eks.aws_eks_cluster.this: Still creating... [06m20s elapsed][0m[0m
[0m[1mmodule.eks.aws_eks_cluster.this: Still creating... [06m30s elapsed][0m[0m
[0m[1mmodule.eks.aws_eks_cluster.this: Still creating... [06m40s elapsed][0m[0m
[0m[1mmodule.eks.aws_eks_cluster.this: Still creating... [06m50s elapsed][0m[0m
[0m[1mmodule.eks.aws_eks_cluster.this: Still creating... [07m00s elapsed][0m[0m
[0m[1mmodule.eks.aws_eks_cluster.this: Still creating... [07m10s elapsed][0m[0m
[0m[1mmodule.eks.aws_eks_cluster.this: Still creating... [07m20s elapsed][0m[0m
[0m[1mmodule.eks.aws_eks_cluster.this: Still creating... [07m30s elapsed][0m[0m
[0m[1mmodule.eks.aws_eks_cluster.this: Still creating... [07m40s elapsed][0m[0m
[0m[1mmodule.eks.aws_eks_cluster.this: Still creating... [07m50s elapsed][0m[0m
[0m[1mmodule.eks.aws_eks_cluster.this: Still creating... [08m00s elapsed][0m[0m
[0m[1mmodule.eks.aws_eks_cluster.this: Still creating... [08m10s elapsed][0m[0m
[0m[1mmodule.eks.aws_eks_cluster.this: Still creating... [08m20s elapsed][0m[0m
[0m[1mmodule.eks.aws_eks_cluster.this: Still creating... [08m30s elapsed][0m[0m
[0m[1mmodule.eks.aws_eks_cluster.this: Still creating... [08m40s elapsed][0m[0m
[0m[1mmodule.eks.aws_eks_cluster.this: Still creating... [08m50s elapsed][0m[0m
[0m[1mmodule.eks.aws_eks_cluster.this: Still creating... [09m00s elapsed][0m[0m
[0m[1mmodule.eks.aws_eks_cluster.this: Still creating... [09m10s elapsed][0m[0m
[0m[1mmodule.eks.aws_eks_cluster.this: Still creating... [09m20s elapsed][0m[0m
[0m[1mmodule.eks.aws_eks_cluster.this: Still creating... [09m30s elapsed][0m[0m
[0m[1mmodule.eks.aws_eks_cluster.this: Creation complete after 9m36s [id=chatapp-prod-cluster][0m
[0m[1mmodule.eks.data.tls_certificate.eks: Reading...[0m[0m
[0m[1mmodule.eks.aws_eks_node_group.app: Creating...[0m[0m
[0m[1mmodule.eks.data.tls_certificate.eks: Read complete after 1s [id=b1b539daa206035ae3c3e28288b0681fa1b462f3][0m
[0m[1mmodule.eks.aws_iam_openid_connect_provider.eks: Creating...[0m[0m
[0m[1mmodule.eks.aws_iam_openid_connect_provider.eks: Creation complete after 1s [id=arn:aws:iam::866317130608:oidc-provider/oidc.eks.us-east-1.amazonaws.com/id/B14B5EE5925A18F8245E57BD78A12B1F][0m
[0m[1mmodule.eks.aws_eks_node_group.app: Still creating... [00m10s elapsed][0m[0m
[0m[1mmodule.eks.aws_eks_node_group.app: Still creating... [00m20s elapsed][0m[0m
[0m[1mmodule.eks.aws_eks_node_group.app: Still creating... [00m30s elapsed][0m[0m
[0m[1mmodule.eks.aws_eks_node_group.app: Still creating... [00m40s elapsed][0m[0m
[0m[1mmodule.eks.aws_eks_node_group.app: Still creating... [00m50s elapsed][0m[0m
[0m[1mmodule.eks.aws_eks_node_group.app: Still creating... [01m00s elapsed][0m[0m
[0m[1mmodule.eks.aws_eks_node_group.app: Still creating... [01m10s elapsed][0m[0m
[0m[1mmodule.eks.aws_eks_node_group.app: Still creating... [01m20s elapsed][0m[0m
[0m[1mmodule.eks.aws_eks_node_group.app: Still creating... [01m30s elapsed][0m[0m
[0m[1mmodule.eks.aws_eks_node_group.app: Still creating... [01m40s elapsed][0m[0m
[0m[1mmodule.eks.aws_eks_node_group.app: Creation complete after 1m49s [id=chatapp-prod-cluster:chatapp-prod-app-nodes][0m
[0m[1mmodule.eks.aws_eks_addon.pod_identity: Creating...[0m[0m
[0m[1mmodule.eks.aws_eks_addon.vpc_cni: Creating...[0m[0m
[0m[1mmodule.eks.aws_eks_addon.coredns: Creating...[0m[0m
[0m[1mmodule.eks.aws_eks_addon.kube_proxy: Creating...[0m[0m
[0m[1mmodule.eks.aws_eks_addon.pod_identity: Still creating... [00m10s elapsed][0m[0m
[0m[1mmodule.eks.aws_eks_addon.vpc_cni: Still creating... [00m10s elapsed][0m[0m
[0m[1mmodule.eks.aws_eks_addon.kube_proxy: Still creating... [00m10s elapsed][0m[0m
[0m[1mmodule.eks.aws_eks_addon.coredns: Still creating... [00m10s elapsed][0m[0m
[0m[1mmodule.eks.aws_eks_addon.coredns: Creation complete after 15s [id=chatapp-prod-cluster:coredns][0m
[0m[1mmodule.eks.aws_eks_addon.kube_proxy: Still creating... [00m20s elapsed][0m[0m
[0m[1mmodule.eks.aws_eks_addon.vpc_cni: Still creating... [00m20s elapsed][0m[0m
[0m[1mmodule.eks.aws_eks_addon.pod_identity: Still creating... [00m20s elapsed][0m[0m
[0m[1mmodule.eks.aws_eks_addon.pod_identity: Creation complete after 25s [id=chatapp-prod-cluster:eks-pod-identity-agent][0m
[0m[1mmodule.eks.aws_eks_addon.kube_proxy: Creation complete after 26s [id=chatapp-prod-cluster:kube-proxy][0m
[0m[1mmodule.eks.aws_eks_addon.vpc_cni: Still creating... [00m30s elapsed][0m[0m
[0m[1mmodule.eks.aws_eks_addon.vpc_cni: Creation complete after 36s [id=chatapp-prod-cluster:vpc-cni][0m
[33m╷[0m[0m
[33m│[0m [0m[1m[33mWarning: [0m[0m[1mResource targeting is in effect[0m
[33m│[0m [0m
[33m│[0m [0m[0mYou are creating a plan with the -target option, which means that the result of this plan may not represent all of the changes requested by the current
[33m│[0m [0mconfiguration.
[33m│[0m [0m
[33m│[0m [0mThe -target option is not for routine use, and is provided only for exceptional situations such as recovering from errors or mistakes, or when Terraform
[33m│[0m [0mspecifically suggests to use it as part of an error message.
[33m╵[0m[0m
[33m╷[0m[0m
[33m│[0m [0m[1m[33mWarning: [0m[0m[1mApplied changes may be incomplete[0m
[33m│[0m [0m
[33m│[0m [0m[0mThe plan was created with the -target option in effect, so some changes requested in the configuration may have been ignored and the output values may
[33m│[0m [0mnot be fully updated. Run the following command to verify that no other changes are pending:
[33m│[0m [0m    terraform plan
[33m│[0m [0m
[33m│[0m [0mNote that the -target option is not suitable for routine use, and is provided only for exceptional situations such as recovering from errors or mistakes,
[33m│[0m [0mor when Terraform specifically suggests to use it as part of an error message.
[33m╵[0m[0m
[0m[1m[32m
Apply complete! Resources: 8 added, 0 changed, 0 destroyed.[0m
[0m[1m[32m
Outputs:

[0meks_cluster_endpoint = "https://B14B5EE5925A18F8245E57BD78A12B1F.gr7.us-east-1.eks.amazonaws.com"
eks_cluster_name = "chatapp-prod-cluster"
helm_deploy_command = <<EOT
# Update kubeconfig
aws eks update-kubeconfig --name chatapp-prod-cluster --region us-east-1

# Download RDS CA bundle (if not already present)
curl -sL https://truststore.pki.rds.amazonaws.com/global/global-bundle.pem -o global-bundle.pem

# Apply with generated values
helm upgrade --install chatapp ../awschatapp-platform \
  --values ../awschatapp-platform/values.yaml \
  --values ../awschatapp-platform/values-prod-infra.yaml \
  --values ../awschatapp-platform/values-prod-secrets.yaml \
  -n chatapp --create-namespace

EOT
vpc_id = "vpc-07f61fb37477f7e6a"
